Archive member included to satisfy reference by file (symbol)

D:\20231\TTKT-Lumi\SDK_1.0.3_NUCLEO-F401RE\lib_stm\libLibraries.a(system_stm32f4xx.o)
                              ./Src/main.o (SystemCoreClockUpdate)
D:\20231\TTKT-Lumi\SDK_1.0.3_NUCLEO-F401RE\lib_stm\libLibraries.a(stm32f401re_gpio.o)
                              ./Src/main.o (GPIO_Init)
D:\20231\TTKT-Lumi\SDK_1.0.3_NUCLEO-F401RE\lib_stm\libLibraries.a(stm32f401re_i2c.o)
                              ./Src/main.o (I2C_Init)
D:\20231\TTKT-Lumi\SDK_1.0.3_NUCLEO-F401RE\lib_stm\libLibraries.a(stm32f401re_rcc.o)
                              D:\20231\TTKT-Lumi\SDK_1.0.3_NUCLEO-F401RE\lib_stm\libLibraries.a(stm32f401re_i2c.o) (RCC_GetClocksFreq)
D:\20231\TTKT-Lumi\SDK_1.0.3_NUCLEO-F401RE\lib_stm\libLibraries.a(timer.o)
                              ./Src/main.o (TimerInit)
D:\20231\TTKT-Lumi\SDK_1.0.3_NUCLEO-F401RE\lib_stm\libLibraries.a(temhumsensor.o)
                              ./Src/main.o (TemHumSensor_Init)
D:\20231\TTKT-Lumi\SDK_1.0.3_NUCLEO-F401RE\lib_stm\libLibraries.a(serial.o)
                              D:\20231\TTKT-Lumi\SDK_1.0.3_NUCLEO-F401RE\lib_stm\libLibraries.a(temhumsensor.o) (Serial_SendPacket)
D:\20231\TTKT-Lumi\SDK_1.0.3_NUCLEO-F401RE\lib_stm\libLibraries.a(Ucglib.o)
                              ./Src/main.o (Ucglib4WireSWSPI_begin)
D:\20231\TTKT-Lumi\SDK_1.0.3_NUCLEO-F401RE\lib_stm\libLibraries.a(ucg_box.o)
                              ./Src/main.o (ucg_ClearScreen)
D:\20231\TTKT-Lumi\SDK_1.0.3_NUCLEO-F401RE\lib_stm\libLibraries.a(ucg_ccs.o)
                              D:\20231\TTKT-Lumi\SDK_1.0.3_NUCLEO-F401RE\lib_stm\libLibraries.a(ucg_box.o) (ucg_ccs_init)
D:\20231\TTKT-Lumi\SDK_1.0.3_NUCLEO-F401RE\lib_stm\libLibraries.a(ucg_circle.o)
                              D:\20231\TTKT-Lumi\SDK_1.0.3_NUCLEO-F401RE\lib_stm\libLibraries.a(ucg_box.o) (ucg_DrawCircle)
D:\20231\TTKT-Lumi\SDK_1.0.3_NUCLEO-F401RE\lib_stm\libLibraries.a(ucg_dev_default_cb.o)
                              D:\20231\TTKT-Lumi\SDK_1.0.3_NUCLEO-F401RE\lib_stm\libLibraries.a(Ucglib.o) (ucg_dev_default_cb)
D:\20231\TTKT-Lumi\SDK_1.0.3_NUCLEO-F401RE\lib_stm\libLibraries.a(ucg_dev_ic_st7735.o)
                              D:\20231\TTKT-Lumi\SDK_1.0.3_NUCLEO-F401RE\lib_stm\libLibraries.a(Ucglib.o) (ucg_ext_st7735_18)
D:\20231\TTKT-Lumi\SDK_1.0.3_NUCLEO-F401RE\lib_stm\libLibraries.a(ucg_dev_msg_api.o)
                              D:\20231\TTKT-Lumi\SDK_1.0.3_NUCLEO-F401RE\lib_stm\libLibraries.a(ucg_box.o) (ucg_SetMaxClipRange)
D:\20231\TTKT-Lumi\SDK_1.0.3_NUCLEO-F401RE\lib_stm\libLibraries.a(ucg_dev_tft_128x128_st7735.o)
                              D:\20231\TTKT-Lumi\SDK_1.0.3_NUCLEO-F401RE\lib_stm\libLibraries.a(Ucglib.o) (ucg_dev_st7735_18x128x128)
D:\20231\TTKT-Lumi\SDK_1.0.3_NUCLEO-F401RE\lib_stm\libLibraries.a(ucg_font.o)
                              D:\20231\TTKT-Lumi\SDK_1.0.3_NUCLEO-F401RE\lib_stm\libLibraries.a(Ucglib.o) (ucg_SetFontMode)
D:\20231\TTKT-Lumi\SDK_1.0.3_NUCLEO-F401RE\lib_stm\libLibraries.a(ucg_init.o)
                              D:\20231\TTKT-Lumi\SDK_1.0.3_NUCLEO-F401RE\lib_stm\libLibraries.a(Ucglib.o) (ucg_Init)
D:\20231\TTKT-Lumi\SDK_1.0.3_NUCLEO-F401RE\lib_stm\libLibraries.a(ucg_line.o)
                              D:\20231\TTKT-Lumi\SDK_1.0.3_NUCLEO-F401RE\lib_stm\libLibraries.a(ucg_font.o) (ucg_Draw90Line)
D:\20231\TTKT-Lumi\SDK_1.0.3_NUCLEO-F401RE\lib_stm\libLibraries.a(ucg_pixel.o)
                              ./Src/main.o (ucg_SetColor)
D:\20231\TTKT-Lumi\SDK_1.0.3_NUCLEO-F401RE\lib_stm\libLibraries.a(ucg_pixel_font_data.o)
                              ./Src/main.o (ucg_font_ncenR12_hr)
D:\20231\TTKT-Lumi\SDK_1.0.3_NUCLEO-F401RE\lib_stm\libLibraries.a(ucg_rotate.o)
                              ./Src/main.o (ucg_SetRotate180)
D:\20231\TTKT-Lumi\SDK_1.0.3_NUCLEO-F401RE\lib_stm\libLibraries.a(buff.o)
                              D:\20231\TTKT-Lumi\SDK_1.0.3_NUCLEO-F401RE\lib_stm\libLibraries.a(serial.o) (bufInit)
D:\20231\TTKT-Lumi\SDK_1.0.3_NUCLEO-F401RE\lib_stm\libLibraries.a(utilities.o)
                              D:\20231\TTKT-Lumi\SDK_1.0.3_NUCLEO-F401RE\lib_stm\libLibraries.a(timer.o) (memsetl)
D:\20231\TTKT-Lumi\SDK_1.0.3_NUCLEO-F401RE\lib_stm\libLibraries.a(misc.o)
                              D:\20231\TTKT-Lumi\SDK_1.0.3_NUCLEO-F401RE\lib_stm\libLibraries.a(serial.o) (NVIC_PriorityGroupConfig)
D:\20231\TTKT-Lumi\SDK_1.0.3_NUCLEO-F401RE\lib_stm\libLibraries.a(stm32f401re_usart.o)
                              D:\20231\TTKT-Lumi\SDK_1.0.3_NUCLEO-F401RE\lib_stm\libLibraries.a(serial.o) (USART_Init)
D:\20231\TTKT-Lumi\SDK_1.0.3_NUCLEO-F401RE\lib_stm\libLibraries.a(ucg_clip.o)
                              D:\20231\TTKT-Lumi\SDK_1.0.3_NUCLEO-F401RE\lib_stm\libLibraries.a(ucg_dev_ic_st7735.o) (ucg_clip_is_pixel_visible)
D:\20231\TTKT-Lumi\SDK_1.0.3_NUCLEO-F401RE\lib_stm\libLibraries.a(ucg_com_msg_api.o)
[...]
Memory Configuration

Name             Origin             Length             Attributes
RAM              0x0000000020000000 0x0000000000018000 xrw
FLASH            0x0000000008000000 0x0000000000080000 xr
*default*        0x0000000000000000 0xffffffffffffffff

Linker script and memory map

LOAD C:/ST/STM32CubeIDE_1.13.1/STM32CubeIDE/plugins/com.st.stm32cube.ide.mcu.externaltools.gnu-tools-for-stm32.11.3.rel1.win32_1.1.0.202305231506/tools/bin/../lib/gcc/arm-none-eabi/11.3.1/thumb/v7e-m+fp/hard/crti.o
LOAD C:/ST/STM32CubeIDE_1.13.1/STM32CubeIDE/plugins/com.st.stm32cube.ide.mcu.externaltools.gnu-tools-for-stm32.11.3.rel1.win32_1.1.0.202305231506/tools/bin/../lib/gcc/arm-none-eabi/11.3.1/thumb/v7e-m+fp/hard/crtbegin.o
LOAD C:/ST/STM32CubeIDE_1.13.1/STM32CubeIDE/plugins/com.st.stm32cube.ide.mcu.externaltools.gnu-tools-for-stm32.11.3.rel1.win32_1.1.0.202305231506/tools/bin/../lib/gcc/arm-none-eabi/11.3.1/../../../../arm-none-eabi/lib/thumb/v7e-m+fp/hard/crt0.o
LOAD ./Src/main.o
LOAD ./Src/syscalls.o
LOAD ./Src/sysmem.o
LOAD ./Startup/startup_stm32f401retx.o
LOAD D:\20231\TTKT-Lumi\SDK_1.0.3_NUCLEO-F401RE\lib_stm\libLibraries.a
START GROUP
LOAD C:/ST/STM32CubeIDE_1.13.1/STM32CubeIDE/plugins/com.st.stm32cube.ide.mcu.externaltools.gnu-tools-for-stm32.11.3.rel1.win32_1.1.0.202305231506/tools/bin/../lib/gcc/arm-none-eabi/11.3.1/../../../../arm-none-eabi/lib/thumb/v7e-m+fp/hard\libc_nano.a
LOAD C:/ST/STM32CubeIDE_1.13.1/STM32CubeIDE/plugins/com.st.stm32cube.ide.mcu.externaltools.gnu-tools-for-stm32.11.3.rel1.win32_1.1.0.202305231506/tools/bin/../lib/gcc/arm-none-eabi/11.3.1/../../../../arm-none-eabi/lib/thumb/v7e-m+fp/hard\libm.a
END GROUP
START GROUP
LOAD C:/ST/STM32CubeIDE_1.13.1/STM32CubeIDE/plugins/com.st.stm32cube.ide.mcu.externaltools.gnu-tools-for-stm32.11.3.rel1.win32_1.1.0.202305231506/tools/bin/../lib/gcc/arm-none-eabi/11.3.1/thumb/v7e-m+fp/hard\libgcc.a
LOAD C:/ST/STM32CubeIDE_1.13.1/STM32CubeIDE/plugins/com.st.stm32cube.ide.mcu.externaltools.gnu-tools-for-stm32.11.3.rel1.win32_1.1.0.202305231506/tools/bin/../lib/gcc/arm-none-eabi/11.3.1/../../../../arm-none-eabi/lib/thumb/v7e-m+fp/hard\libc_nano.a
END GROUP
START GROUP
LOAD C:/ST/STM32CubeIDE_1.13.1/STM32CubeIDE/plugins/com.st.stm32cube.ide.mcu.externaltools.gnu-tools-for-stm32.11.3.rel1.win32_1.1.0.202305231506/tools/bin/../lib/gcc/arm-none-eabi/11.3.1/thumb/v7e-m+fp/hard\libgcc.a
LOAD C:/ST/STM32CubeIDE_1.13.1/STM32CubeIDE/plugins/com.st.stm32cube.ide.mcu.externaltools.gnu-tools-for-stm32.11.3.rel1.win32_1.1.0.202305231506/tools/bin/../lib/gcc/arm-none-eabi/11.3.1/../../../../arm-none-eabi/lib/thumb/v7e-m+fp/hard\libc_nano.a
LOAD C:/ST/STM32CubeIDE_1.13.1/STM32CubeIDE/plugins/com.st.stm32cube.ide.mcu.externaltools.gnu-tools-for-stm32.11.3.rel1.win32_1.1.0.202305231506/tools/bin/../lib/gcc/arm-none-eabi/11.3.1/../../../../arm-none-eabi/lib/thumb/v7e-m+fp/hard\libnosys.a
END GROUP
START GROUP
LOAD C:/ST/STM32CubeIDE_1.13.1/STM32CubeIDE/plugins/com.st.stm32cube.ide.mcu.externaltools.gnu-tools-for-stm32.11.3.rel1.win32_1.1.0.202305231506/tools/bin/../lib/gcc/arm-none-eabi/11.3.1/thumb/v7e-m+fp/hard\libgcc.a
LOAD C:/ST/STM32CubeIDE_1.13.1/STM32CubeIDE/plugins/com.st.stm32cube.ide.mcu.externaltools.gnu-tools-for-stm32.11.3.rel1.win32_1.1.0.202305231506/tools/bin/../lib/gcc/arm-none-eabi/11.3.1/../../../../arm-none-eabi/lib/thumb/v7e-m+fp/hard\libc_nano.a
LOAD C:/ST/STM32CubeIDE_1.13.1/STM32CubeIDE/plugins/com.st.stm32cube.ide.mcu.externaltools.gnu-tools-for-stm32.11.3.rel1.win32_1.1.0.202305231506/tools/bin/../lib/gcc/arm-none-eabi/11.3.1/../../../../arm-none-eabi/lib/thumb/v7e-m+fp/hard\libnosys.a
END GROUP
LOAD C:/ST/STM32CubeIDE_1.13.1/STM32CubeIDE/plugins/com.st.stm32cube.ide.mcu.externaltools.gnu-tools-for-stm32.11.3.rel1.win32_1.1.0.202305231506/tools/bin/../lib/gcc/arm-none-eabi/11.3.1/thumb/v7e-m+fp/hard/crtend.o
LOAD C:/ST/STM32CubeIDE_1.13.1/STM32CubeIDE/plugins/com.st.stm32cube.ide.mcu.externaltools.gnu-tools-for-stm32.11.3.rel1.win32_1.1.0.202305231506/tools/bin/../lib/gcc/arm-none-eabi/11.3.1/thumb/v7e-m+fp/hard/crtn.o
                0x0000000020018000                _estack = (ORIGIN (RAM) + LENGTH (RAM))
                0x0000000000000200                _Min_Heap_Size = 0x200
                0x0000000000000400                _Min_Stack_Size = 0x400

.isr_vector     0x0000000008000000      0x194
                0x0000000008000000                . = ALIGN (0x4)
 *(.isr_vector)
 .isr_vector    0x0000000008000000      0x194 ./Startup/startup_stm32f401retx.o
                0x0000000008000000                g_pfnVectors
                0x0000000008000194                . = ALIGN (0x4)

.text           0x00000000080001a0     0x477c
                0x00000000080001a0                . = ALIGN (0x4)
 *(.text)
 .text          0x00000000080001a0       0x40 C:/ST/STM32CubeIDE_1.13.1/STM32CubeIDE/plugins/com.st.stm32cube.ide.mcu.externaltools.gnu-tools-for-stm32.11.3.rel1.win32_1.1.0.202305231506/tools/bin/../lib/gcc/arm-none-eabi/11.3.1/thumb/v7e-m+fp/hard/crtbegin.o
 .text          0x00000000080001e0       0xa0 C:/ST/STM32CubeIDE_1.13.1/STM32CubeIDE/plugins/com.st.stm32cube.ide.mcu.externaltools.gnu-tools-for-stm32.11.3.rel1.win32_1.1.0.202305231506/tools/bin/../lib/gcc/arm-none-eabi/11.3.1/../../../../arm-none-eabi/lib/thumb/v7e-m+fp/hard\libc_nano.a(libc_a-memchr.o)
                0x00000000080001e0                memchr
 *(.text*)
 .text.main     0x0000000008000280       0x12 ./Src/main.o
                0x0000000008000280                main
 .text.delay_ms
                0x0000000008000292       0x30 ./Src/main.o
                0x0000000008000292                delay_ms
 .text.CalculatorTime
                0x00000000080002c2       0x34 ./Src/main.o
                0x00000000080002c2                CalculatorTime
 *fill*         0x00000000080002f6        0x2 
 .text.AppCommon
                0x00000000080002f8       0x7c ./Src/main.o
 .text.SPI1_Init
                0x0000000008000374       0x60 ./Src/main.o
 .text.I2C_Init_temphumi
                0x00000000080003d4       0x94 ./Src/main.o
 .text.I2C_start
                0x0000000008000468       0x3c ./Src/main.o
                0x0000000008000468                I2C_start
 .text.I2C_address_direction
                0x00000000080004a4       0x60 ./Src/main.o
                0x00000000080004a4                I2C_address_direction
 .text.I2C_transmit
                0x0000000008000504       0x38 ./Src/main.o
                0x0000000008000504                I2C_transmit
 .text.I2C_stop
                0x000000000800053c       0x14 ./Src/main.o
                0x000000000800053c                I2C_stop
 .text.I2C_receive_nack
                0x0000000008000550       0x30 ./Src/main.o
                0x0000000008000550                I2C_receive_nack
 .text.I2C_receive_ack
                0x0000000008000580       0x30 ./Src/main.o
                0x0000000008000580                I2C_receive_ack
 .text.TemHumSensor_readRegister
                0x00000000080005b0       0xba ./Src/main.o
 *fill*         0x000000000800066a        0x2 
 .text.GetTemp_Sensor
                0x000000000800066c       0x64 ./Src/main.o
                0x000000000800066c                GetTemp_Sensor
 .text.GetHumi_Sensor
                0x00000000080006d0       0x64 ./Src/main.o
                0x00000000080006d0                GetHumi_Sensor
 .text.processGetValueSensor
                0x0000000008000734      0x1a4 ./Src/main.o
                0x0000000008000734                processGetValueSensor
 .text.Scan_SensorLCD
                0x00000000080008d8       0x8c ./Src/main.o
                0x00000000080008d8                Scan_SensorLCD
 .text.Scan_TimeSensor
                0x0000000008000964       0x48 ./Src/main.o
                0x0000000008000964                Scan_TimeSensor
 .text._sbrk    0x00000000080009ac       0x6c ./Src/sysmem.o
                0x00000000080009ac                _sbrk
 .text.Reset_Handler
                0x0000000008000a18       0x50 ./Startup/startup_stm32f401retx.o
                0x0000000008000a18                Reset_Handler
 .text.Default_Handler
                0x0000000008000a68        0x2 ./Startup/startup_stm32f401retx.o
                0x0000000008000a68                EXTI2_IRQHandler
                0x0000000008000a68                DebugMon_Handler
                0x0000000008000a68                SPI4_IRQHandler
                0x0000000008000a68                TIM1_CC_IRQHandler
                0x0000000008000a68                DMA2_Stream5_IRQHandler
                0x0000000008000a68                HardFault_Handler
                0x0000000008000a68                DMA1_Stream5_IRQHandler
                0x0000000008000a68                SDIO_IRQHandler
                0x0000000008000a68                TAMP_STAMP_IRQHandler
                0x0000000008000a68                PendSV_Handler
                0x0000000008000a68                NMI_Handler
                0x0000000008000a68                EXTI3_IRQHandler
                0x0000000008000a68                TIM1_UP_TIM10_IRQHandler
                0x0000000008000a68                I2C3_ER_IRQHandler
                0x0000000008000a68                EXTI18_OTG_FS_WKUP_IRQHandler
                0x0000000008000a68                EXTI0_IRQHandler
                0x0000000008000a68                I2C2_EV_IRQHandler
                0x0000000008000a68                DMA1_Stream2_IRQHandler
                0x0000000008000a68                UsageFault_Handler
                0x0000000008000a68                DMA2_Stream2_IRQHandler
                0x0000000008000a68                SPI1_IRQHandler
                0x0000000008000a68                TIM1_BRK_TIM9_IRQHandler
                0x0000000008000a68                DMA2_Stream3_IRQHandler
                0x0000000008000a68                USART6_IRQHandler
                0x0000000008000a68                DMA2_Stream0_IRQHandler
                0x0000000008000a68                TIM4_IRQHandler
                0x0000000008000a68                I2C1_EV_IRQHandler
                0x0000000008000a68                DMA1_Stream6_IRQHandler
                0x0000000008000a68                DMA1_Stream1_IRQHandler
                0x0000000008000a68                TIM3_IRQHandler
                0x0000000008000a68                RCC_IRQHandler
                0x0000000008000a68                Default_Handler
                0x0000000008000a68                EXTI15_10_IRQHandler
                0x0000000008000a68                ADC_IRQHandler
                0x0000000008000a68                DMA1_Stream7_IRQHandler
                0x0000000008000a68                TIM5_IRQHandler
                0x0000000008000a68                DMA2_Stream7_IRQHandler
                0x0000000008000a68                I2C3_EV_IRQHandler
                0x0000000008000a68                EXTI9_5_IRQHandler
                0x0000000008000a68                SPI2_IRQHandler
                0x0000000008000a68                MemManage_Handler
                0x0000000008000a68                DMA1_Stream0_IRQHandler
                0x0000000008000a68                SVC_Handler
                0x0000000008000a68                EXTI4_IRQHandler
                0x0000000008000a68                EXTI22_RTC_WKUP_IRQHandler
                0x0000000008000a68                TIM2_IRQHandler
                0x0000000008000a68                EXTI16_PVD_IRQHandler
                0x0000000008000a68                TIM1_TRG_COM_TIM11_IRQHandler
                0x0000000008000a68                EXTI1_IRQHandler
                0x0000000008000a68                EXTI17_RTC_Alarm_IRQHandler
                0x0000000008000a68                I2C2_ER_IRQHandler
                0x0000000008000a68                DMA2_Stream1_IRQHandler
                0x0000000008000a68                FLASH_IRQHandler
                0x0000000008000a68                DMA2_Stream4_IRQHandler
                0x0000000008000a68                BusFault_Handler
                0x0000000008000a68                USART1_IRQHandler
                0x0000000008000a68                OTG_FS_IRQHandler
                0x0000000008000a68                SPI3_IRQHandler
                0x0000000008000a68                DMA1_Stream4_IRQHandler
                0x0000000008000a68                I2C1_ER_IRQHandler
                0x0000000008000a68                DMA2_Stream6_IRQHandler
                0x0000000008000a68                DMA1_Stream3_IRQHandler
 *fill*         0x0000000008000a6a        0x2 
 .text.SystemInit
                0x0000000008000a6c       0x6c D:\20231\TTKT-Lumi\SDK_1.0.3_NUCLEO-F401RE\lib_stm\libLibraries.a(system_stm32f4xx.o)
                0x0000000008000a6c                SystemInit
 .text.SystemCoreClockUpdate
                0x0000000008000ad8       0xf8 D:\20231\TTKT-Lumi\SDK_1.0.3_NUCLEO-F401RE\lib_stm\libLibraries.a(system_stm32f4xx.o)
                0x0000000008000ad8                SystemCoreClockUpdate
 .text.SetSysClock
                0x0000000008000bd0       0xa0 D:\20231\TTKT-Lumi\SDK_1.0.3_NUCLEO-F401RE\lib_stm\libLibraries.a(system_stm32f4xx.o)
 .text.GPIO_Init
                0x0000000008000c70      0x11c D:\20231\TTKT-Lumi\SDK_1.0.3_NUCLEO-F401RE\lib_stm\libLibraries.a(stm32f401re_gpio.o)
                0x0000000008000c70                GPIO_Init
 .text.GPIO_WriteBit
                0x0000000008000d8c       0x30 D:\20231\TTKT-Lumi\SDK_1.0.3_NUCLEO-F401RE\lib_stm\libLibraries.a(stm32f401re_gpio.o)
                0x0000000008000d8c                GPIO_WriteBit
 .text.GPIO_PinAFConfig
                0x0000000008000dbc       0x92 D:\20231\TTKT-Lumi\SDK_1.0.3_NUCLEO-F401RE\lib_stm\libLibraries.a(stm32f401re_gpio.o)
                0x0000000008000dbc                GPIO_PinAFConfig
 *fill*         0x0000000008000e4e        0x2 
 .text.I2C_Init
                0x0000000008000e50      0x184 D:\20231\TTKT-Lumi\SDK_1.0.3_NUCLEO-F401RE\lib_stm\libLibraries.a(stm32f401re_i2c.o)
                0x0000000008000e50                I2C_Init
 .text.I2C_Cmd  0x0000000008000fd4       0x40 D:\20231\TTKT-Lumi\SDK_1.0.3_NUCLEO-F401RE\lib_stm\libLibraries.a(stm32f401re_i2c.o)
                0x0000000008000fd4                I2C_Cmd
 .text.I2C_GenerateSTART
                0x0000000008001014       0x40 D:\20231\TTKT-Lumi\SDK_1.0.3_NUCLEO-F401RE\lib_stm\libLibraries.a(stm32f401re_i2c.o)
                0x0000000008001014                I2C_GenerateSTART
 .text.I2C_GenerateSTOP
                0x0000000008001054       0x40 D:\20231\TTKT-Lumi\SDK_1.0.3_NUCLEO-F401RE\lib_stm\libLibraries.a(stm32f401re_i2c.o)
                0x0000000008001054                I2C_GenerateSTOP
 .text.I2C_Send7bitAddress
                0x0000000008001094       0x3c D:\20231\TTKT-Lumi\SDK_1.0.3_NUCLEO-F401RE\lib_stm\libLibraries.a(stm32f401re_i2c.o)
                0x0000000008001094                I2C_Send7bitAddress
 .text.I2C_AcknowledgeConfig
                0x00000000080010d0       0x40 D:\20231\TTKT-Lumi\SDK_1.0.3_NUCLEO-F401RE\lib_stm\libLibraries.a(stm32f401re_i2c.o)
                0x00000000080010d0                I2C_AcknowledgeConfig
 .text.I2C_SendData
                0x0000000008001110       0x20 D:\20231\TTKT-Lumi\SDK_1.0.3_NUCLEO-F401RE\lib_stm\libLibraries.a(stm32f401re_i2c.o)
                0x0000000008001110                I2C_SendData
 .text.I2C_ReceiveData
                0x0000000008001130       0x1c D:\20231\TTKT-Lumi\SDK_1.0.3_NUCLEO-F401RE\lib_stm\libLibraries.a(stm32f401re_i2c.o)
                0x0000000008001130                I2C_ReceiveData
 .text.I2C_CheckEvent
                0x000000000800114c       0x60 D:\20231\TTKT-Lumi\SDK_1.0.3_NUCLEO-F401RE\lib_stm\libLibraries.a(stm32f401re_i2c.o)
                0x000000000800114c                I2C_CheckEvent
 .text.I2C_GetFlagStatus
                0x00000000080011ac       0x66 D:\20231\TTKT-Lumi\SDK_1.0.3_NUCLEO-F401RE\lib_stm\libLibraries.a(stm32f401re_i2c.o)
                0x00000000080011ac                I2C_GetFlagStatus
 *fill*         0x0000000008001212        0x2 
 .text.RCC_GetClocksFreq
                0x0000000008001214      0x150 D:\20231\TTKT-Lumi\SDK_1.0.3_NUCLEO-F401RE\lib_stm\libLibraries.a(stm32f401re_rcc.o)
                0x0000000008001214                RCC_GetClocksFreq
 .text.RCC_AHB1PeriphClockCmd
                0x0000000008001364       0x40 D:\20231\TTKT-Lumi\SDK_1.0.3_NUCLEO-F401RE\lib_stm\libLibraries.a(stm32f401re_rcc.o)
                0x0000000008001364                RCC_AHB1PeriphClockCmd
 .text.RCC_APB1PeriphClockCmd
                0x00000000080013a4       0x40 D:\20231\TTKT-Lumi\SDK_1.0.3_NUCLEO-F401RE\lib_stm\libLibraries.a(stm32f401re_rcc.o)
                0x00000000080013a4                RCC_APB1PeriphClockCmd
 .text.NVIC_SetPriority
                0x00000000080013e4       0x54 D:\20231\TTKT-Lumi\SDK_1.0.3_NUCLEO-F401RE\lib_stm\libLibraries.a(timer.o)
 .text.SysTick_Config
                0x0000000008001438       0x44 D:\20231\TTKT-Lumi\SDK_1.0.3_NUCLEO-F401RE\lib_stm\libLibraries.a(timer.o)
 .text.TimerInit
                0x000000000800147c       0x44 D:\20231\TTKT-Lumi\SDK_1.0.3_NUCLEO-F401RE\lib_stm\libLibraries.a(timer.o)
                0x000000000800147c                TimerInit
 .text.TimerStart
                0x00000000080014c0       0xc4 D:\20231\TTKT-Lumi\SDK_1.0.3_NUCLEO-F401RE\lib_stm\libLibraries.a(timer.o)
                0x00000000080014c0                TimerStart
 .text.TimerStop
                0x0000000008001584       0xa0 D:\20231\TTKT-Lumi\SDK_1.0.3_NUCLEO-F401RE\lib_stm\libLibraries.a(timer.o)
                0x0000000008001584                TimerStop
 .text.GetMilSecTick
                0x0000000008001624       0x18 D:\20231\TTKT-Lumi\SDK_1.0.3_NUCLEO-F401RE\lib_stm\libLibraries.a(timer.o)
                0x0000000008001624                GetMilSecTick
 .text.processTimerScheduler
                0x000000000800163c       0xf0 D:\20231\TTKT-Lumi\SDK_1.0.3_NUCLEO-F401RE\lib_stm\libLibraries.a(timer.o)
                0x000000000800163c                processTimerScheduler
 .text.TimeExpired
                0x000000000800172c       0xcc D:\20231\TTKT-Lumi\SDK_1.0.3_NUCLEO-F401RE\lib_stm\libLibraries.a(timer.o)
 .text.SysTick_Handler
                0x00000000080017f8       0x1c D:\20231\TTKT-Lumi\SDK_1.0.3_NUCLEO-F401RE\lib_stm\libLibraries.a(timer.o)
                0x00000000080017f8                SysTick_Handler
 .text.TemHumSensor_Init
                0x0000000008001814        0xc D:\20231\TTKT-Lumi\SDK_1.0.3_NUCLEO-F401RE\lib_stm\libLibraries.a(temhumsensor.o)
                0x0000000008001814                TemHumSensor_Init
 .text.i2c_config
                0x0000000008001820       0x94 D:\20231\TTKT-Lumi\SDK_1.0.3_NUCLEO-F401RE\lib_stm\libLibraries.a(temhumsensor.o)
                0x0000000008001820                i2c_config
 .text.USART2_IRQHandler
                0x00000000080018b4       0x50 D:\20231\TTKT-Lumi\SDK_1.0.3_NUCLEO-F401RE\lib_stm\libLibraries.a(serial.o)
                0x00000000080018b4                USART2_IRQHandler
 .text.delayMicroseconds
                0x0000000008001904       0x14 D:\20231\TTKT-Lumi\SDK_1.0.3_NUCLEO-F401RE\lib_stm\libLibraries.a(Ucglib.o)
 .text.ucg_gpio_init
                0x0000000008001918       0x60 D:\20231\TTKT-Lumi\SDK_1.0.3_NUCLEO-F401RE\lib_stm\libLibraries.a(Ucglib.o)
 .text.ucg_com_arduino_send_generic_SW_SPI
                0x0000000008001978       0x74 D:\20231\TTKT-Lumi\SDK_1.0.3_NUCLEO-F401RE\lib_stm\libLibraries.a(Ucglib.o)
 .text.ucg_com_arduino_generic_SW_SPI
                0x00000000080019ec      0x1ec D:\20231\TTKT-Lumi\SDK_1.0.3_NUCLEO-F401RE\lib_stm\libLibraries.a(Ucglib.o)
 .text.Ucglib4WireSWSPI_begin
                0x0000000008001bd8       0x38 D:\20231\TTKT-Lumi\SDK_1.0.3_NUCLEO-F401RE\lib_stm\libLibraries.a(Ucglib.o)
                0x0000000008001bd8                Ucglib4WireSWSPI_begin
 .text.ucg_DrawBox
                0x0000000008001c10       0x56 D:\20231\TTKT-Lumi\SDK_1.0.3_NUCLEO-F401RE\lib_stm\libLibraries.a(ucg_box.o)
                0x0000000008001c10                ucg_DrawBox
 .text.ucg_ClearScreen
                0x0000000008001c66       0x50 D:\20231\TTKT-Lumi\SDK_1.0.3_NUCLEO-F401RE\lib_stm\libLibraries.a(ucg_box.o)
                0x0000000008001c66                ucg_ClearScreen
 .text.ucg_ccs_init
                0x0000000008001cb6       0xc0 D:\20231\TTKT-Lumi\SDK_1.0.3_NUCLEO-F401RE\lib_stm\libLibraries.a(ucg_ccs.o)
                0x0000000008001cb6                ucg_ccs_init
 .text.ucg_ccs_step
                0x0000000008001d76       0x80 D:\20231\TTKT-Lumi\SDK_1.0.3_NUCLEO-F401RE\lib_stm\libLibraries.a(ucg_ccs.o)
                0x0000000008001d76                ucg_ccs_step
 .text.ucg_ccs_seek
                0x0000000008001df6       0xca D:\20231\TTKT-Lumi\SDK_1.0.3_NUCLEO-F401RE\lib_stm\libLibraries.a(ucg_ccs.o)
                0x0000000008001df6                ucg_ccs_seek
 .text.ucg_dev_default_cb
                0x0000000008001ec0       0x44 D:\20231\TTKT-Lumi\SDK_1.0.3_NUCLEO-F401RE\lib_stm\libLibraries.a(ucg_dev_default_cb.o)
                0x0000000008001ec0                ucg_dev_default_cb
 .text.ucg_ext_none
                0x0000000008001f04       0x1c D:\20231\TTKT-Lumi\SDK_1.0.3_NUCLEO-F401RE\lib_stm\libLibraries.a(ucg_dev_default_cb.o)
                0x0000000008001f04                ucg_ext_none
 .text.ucg_handle_st7735_l90fx
                0x0000000008001f20       0xd8 D:\20231\TTKT-Lumi\SDK_1.0.3_NUCLEO-F401RE\lib_stm\libLibraries.a(ucg_dev_ic_st7735.o)
                0x0000000008001f20                ucg_handle_st7735_l90fx
 .text.ucg_handle_st7735_l90se
                0x0000000008001ff8      0x154 D:\20231\TTKT-Lumi\SDK_1.0.3_NUCLEO-F401RE\lib_stm\libLibraries.a(ucg_dev_ic_st7735.o)
                0x0000000008001ff8                ucg_handle_st7735_l90se
 .text.ucg_dev_ic_st7735_18
                0x000000000800214c       0xf8 D:\20231\TTKT-Lumi\SDK_1.0.3_NUCLEO-F401RE\lib_stm\libLibraries.a(ucg_dev_ic_st7735.o)
                0x000000000800214c                ucg_dev_ic_st7735_18
 .text.ucg_ext_st7735_18
                0x0000000008002244       0x28 D:\20231\TTKT-Lumi\SDK_1.0.3_NUCLEO-F401RE\lib_stm\libLibraries.a(ucg_dev_ic_st7735.o)
                0x0000000008002244                ucg_ext_st7735_18
 .text.ucg_PowerDown
                0x000000000800226c       0x34 D:\20231\TTKT-Lumi\SDK_1.0.3_NUCLEO-F401RE\lib_stm\libLibraries.a(ucg_dev_msg_api.o)
                0x000000000800226c                ucg_PowerDown
 .text.ucg_PowerUp
                0x00000000080022a0       0x3c D:\20231\TTKT-Lumi\SDK_1.0.3_NUCLEO-F401RE\lib_stm\libLibraries.a(ucg_dev_msg_api.o)
                0x00000000080022a0                ucg_PowerUp
 .text.ucg_SetClipBox
                0x00000000080022dc       0x1e D:\20231\TTKT-Lumi\SDK_1.0.3_NUCLEO-F401RE\lib_stm\libLibraries.a(ucg_dev_msg_api.o)
                0x00000000080022dc                ucg_SetClipBox
 .text.ucg_SetMaxClipRange
                0x00000000080022fa       0x30 D:\20231\TTKT-Lumi\SDK_1.0.3_NUCLEO-F401RE\lib_stm\libLibraries.a(ucg_dev_msg_api.o)
                0x00000000080022fa                ucg_SetMaxClipRange
 .text.ucg_GetDimension
                0x000000000800232a       0x24 D:\20231\TTKT-Lumi\SDK_1.0.3_NUCLEO-F401RE\lib_stm\libLibraries.a(ucg_dev_msg_api.o)
                0x000000000800232a                ucg_GetDimension
 .text.ucg_DrawL90FXWithArg
                0x000000000800234e       0x1e D:\20231\TTKT-Lumi\SDK_1.0.3_NUCLEO-F401RE\lib_stm\libLibraries.a(ucg_dev_msg_api.o)
                0x000000000800234e                ucg_DrawL90FXWithArg
 .text.ucg_dev_st7735_18x128x128
                0x000000000800236c       0x80 D:\20231\TTKT-Lumi\SDK_1.0.3_NUCLEO-F401RE\lib_stm\libLibraries.a(ucg_dev_tft_128x128_st7735.o)
                0x000000000800236c                ucg_dev_st7735_18x128x128
 .text.ucg_font_get_byte
                0x00000000080023ec       0x24 D:\20231\TTKT-Lumi\SDK_1.0.3_NUCLEO-F401RE\lib_stm\libLibraries.a(ucg_font.o)
 .text.ucg_font_get_word
                0x0000000008002410       0x40 D:\20231\TTKT-Lumi\SDK_1.0.3_NUCLEO-F401RE\lib_stm\libLibraries.a(ucg_font.o)
 .text.ucg_read_font_info
                0x0000000008002450      0x142 D:\20231\TTKT-Lumi\SDK_1.0.3_NUCLEO-F401RE\lib_stm\libLibraries.a(ucg_font.o)
                0x0000000008002450                ucg_read_font_info
 .text.ucg_font_decode_get_unsigned_bits
                0x0000000008002592       0x96 D:\20231\TTKT-Lumi\SDK_1.0.3_NUCLEO-F401RE\lib_stm\libLibraries.a(ucg_font.o)
                0x0000000008002592                ucg_font_decode_get_unsigned_bits
 .text.ucg_font_decode_get_signed_bits
                0x0000000008002628       0x46 D:\20231\TTKT-Lumi\SDK_1.0.3_NUCLEO-F401RE\lib_stm\libLibraries.a(ucg_font.o)
                0x0000000008002628                ucg_font_decode_get_signed_bits
 .text.ucg_add_vector_y
                0x000000000800266e       0x7a D:\20231\TTKT-Lumi\SDK_1.0.3_NUCLEO-F401RE\lib_stm\libLibraries.a(ucg_font.o)
 .text.ucg_add_vector_x
                0x00000000080026e8       0x7a D:\20231\TTKT-Lumi\SDK_1.0.3_NUCLEO-F401RE\lib_stm\libLibraries.a(ucg_font.o)
 .text.ucg_font_decode_len
                0x0000000008002762      0x118 D:\20231\TTKT-Lumi\SDK_1.0.3_NUCLEO-F401RE\lib_stm\libLibraries.a(ucg_font.o)
                0x0000000008002762                ucg_font_decode_len
 .text.ucg_font_setup_decode
                0x000000000800287a       0x64 D:\20231\TTKT-Lumi\SDK_1.0.3_NUCLEO-F401RE\lib_stm\libLibraries.a(ucg_font.o)
 .text.ucg_font_decode_glyph
                0x00000000080028de      0x14c D:\20231\TTKT-Lumi\SDK_1.0.3_NUCLEO-F401RE\lib_stm\libLibraries.a(ucg_font.o)
                0x00000000080028de                ucg_font_decode_glyph
 .text.ucg_font_get_glyph_data
                0x0000000008002a2a       0x7a D:\20231\TTKT-Lumi\SDK_1.0.3_NUCLEO-F401RE\lib_stm\libLibraries.a(ucg_font.o)
                0x0000000008002a2a                ucg_font_get_glyph_data
 .text.ucg_font_draw_glyph
                0x0000000008002aa4       0x62 D:\20231\TTKT-Lumi\SDK_1.0.3_NUCLEO-F401RE\lib_stm\libLibraries.a(ucg_font.o)
                0x0000000008002aa4                ucg_font_draw_glyph
 .text.ucg_SetFontMode
                0x0000000008002b06       0x20 D:\20231\TTKT-Lumi\SDK_1.0.3_NUCLEO-F401RE\lib_stm\libLibraries.a(ucg_font.o)
                0x0000000008002b06                ucg_SetFontMode
 *fill*         0x0000000008002b26        0x2 
 .text.ucg_DrawGlyph
                0x0000000008002b28       0xb0 D:\20231\TTKT-Lumi\SDK_1.0.3_NUCLEO-F401RE\lib_stm\libLibraries.a(ucg_font.o)
                0x0000000008002b28                ucg_DrawGlyph
 .text.task_drawString
                0x0000000008002bd8      0x138 D:\20231\TTKT-Lumi\SDK_1.0.3_NUCLEO-F401RE\lib_stm\libLibraries.a(ucg_font.o)
                0x0000000008002bd8                task_drawString
 .text.ucg_DrawString
                0x0000000008002d10       0x78 D:\20231\TTKT-Lumi\SDK_1.0.3_NUCLEO-F401RE\lib_stm\libLibraries.a(ucg_font.o)
                0x0000000008002d10                ucg_DrawString
 .text.ucg_UpdateRefHeight
                0x0000000008002d88       0xd8 D:\20231\TTKT-Lumi\SDK_1.0.3_NUCLEO-F401RE\lib_stm\libLibraries.a(ucg_font.o)
                0x0000000008002d88                ucg_UpdateRefHeight
 .text.ucg_font_calc_vref_font
                0x0000000008002e60       0x16 D:\20231\TTKT-Lumi\SDK_1.0.3_NUCLEO-F401RE\lib_stm\libLibraries.a(ucg_font.o)
                0x0000000008002e60                ucg_font_calc_vref_font
 *fill*         0x0000000008002e76        0x2 
 .text.ucg_SetFontPosBaseline
                0x0000000008002e78       0x20 D:\20231\TTKT-Lumi\SDK_1.0.3_NUCLEO-F401RE\lib_stm\libLibraries.a(ucg_font.o)
                0x0000000008002e78                ucg_SetFontPosBaseline
 .text.ucg_SetFont
                0x0000000008002e98       0x4c D:\20231\TTKT-Lumi\SDK_1.0.3_NUCLEO-F401RE\lib_stm\libLibraries.a(ucg_font.o)
                0x0000000008002e98                ucg_SetFont
 .text.ucg_init_struct
                0x0000000008002ee4       0x50 D:\20231\TTKT-Lumi\SDK_1.0.3_NUCLEO-F401RE\lib_stm\libLibraries.a(ucg_init.o)
                0x0000000008002ee4                ucg_init_struct
 .text.ucg_Init
                0x0000000008002f34       0x5c D:\20231\TTKT-Lumi\SDK_1.0.3_NUCLEO-F401RE\lib_stm\libLibraries.a(ucg_init.o)
                0x0000000008002f34                ucg_Init
 .text.ucg_Draw90Line
                0x0000000008002f90       0x88 D:\20231\TTKT-Lumi\SDK_1.0.3_NUCLEO-F401RE\lib_stm\libLibraries.a(ucg_line.o)
                0x0000000008002f90                ucg_Draw90Line
 .text.ucg_DrawHLine
                0x0000000008003018       0x3e D:\20231\TTKT-Lumi\SDK_1.0.3_NUCLEO-F401RE\lib_stm\libLibraries.a(ucg_line.o)
                0x0000000008003018                ucg_DrawHLine
 .text.ucg_SetColor
                0x0000000008003056       0x5c D:\20231\TTKT-Lumi\SDK_1.0.3_NUCLEO-F401RE\lib_stm\libLibraries.a(ucg_pixel.o)
                0x0000000008003056                ucg_SetColor
 .text.ucg_UndoRotate
                0x00000000080030b2       0x32 D:\20231\TTKT-Lumi\SDK_1.0.3_NUCLEO-F401RE\lib_stm\libLibraries.a(ucg_rotate.o)
                0x00000000080030b2                ucg_UndoRotate
 .text.ucg_rotate_180_xy
                0x00000000080030e4       0x66 D:\20231\TTKT-Lumi\SDK_1.0.3_NUCLEO-F401RE\lib_stm\libLibraries.a(ucg_rotate.o)
 *fill*         0x000000000800314a        0x2 
 .text.ucg_dev_rotate180
                0x000000000800314c      0x100 D:\20231\TTKT-Lumi\SDK_1.0.3_NUCLEO-F401RE\lib_stm\libLibraries.a(ucg_rotate.o)
                0x000000000800314c                ucg_dev_rotate180
 .text.ucg_SetRotate180
                0x000000000800324c       0x34 D:\20231\TTKT-Lumi\SDK_1.0.3_NUCLEO-F401RE\lib_stm\libLibraries.a(ucg_rotate.o)
                0x000000000800324c                ucg_SetRotate180
 .text.bufInit  0x0000000008003280       0x36 D:\20231\TTKT-Lumi\SDK_1.0.3_NUCLEO-F401RE\lib_stm\libLibraries.a(buff.o)
                0x0000000008003280                bufInit
 .text.bufNumItems
                0x00000000080032b6       0x18 D:\20231\TTKT-Lumi\SDK_1.0.3_NUCLEO-F401RE\lib_stm\libLibraries.a(buff.o)
                0x00000000080032b6                bufNumItems
 .text.bufIsFull
                0x00000000080032ce       0x26 D:\20231\TTKT-Lumi\SDK_1.0.3_NUCLEO-F401RE\lib_stm\libLibraries.a(buff.o)
                0x00000000080032ce                bufIsFull
 .text.bufIsEmpty
                0x00000000080032f4       0x26 D:\20231\TTKT-Lumi\SDK_1.0.3_NUCLEO-F401RE\lib_stm\libLibraries.a(buff.o)
                0x00000000080032f4                bufIsEmpty
 .text.bufFlush
                0x000000000800331a       0x32 D:\20231\TTKT-Lumi\SDK_1.0.3_NUCLEO-F401RE\lib_stm\libLibraries.a(buff.o)
                0x000000000800331a                bufFlush
 .text.bufEnDat
                0x000000000800334c       0x9c D:\20231\TTKT-Lumi\SDK_1.0.3_NUCLEO-F401RE\lib_stm\libLibraries.a(buff.o)
                0x000000000800334c                bufEnDat
 .text.bufDeDat
                0x00000000080033e8       0x84 D:\20231\TTKT-Lumi\SDK_1.0.3_NUCLEO-F401RE\lib_stm\libLibraries.a(buff.o)
                0x00000000080033e8                bufDeDat
 .text.memsetl  0x000000000800346c       0x32 D:\20231\TTKT-Lumi\SDK_1.0.3_NUCLEO-F401RE\lib_stm\libLibraries.a(utilities.o)
                0x000000000800346c                memsetl
 .text.USART_ReceiveData
                0x000000000800349e       0x20 D:\20231\TTKT-Lumi\SDK_1.0.3_NUCLEO-F401RE\lib_stm\libLibraries.a(stm32f401re_usart.o)
                0x000000000800349e                USART_ReceiveData
 .text.USART_GetITStatus
                0x00000000080034be       0xb6 D:\20231\TTKT-Lumi\SDK_1.0.3_NUCLEO-F401RE\lib_stm\libLibraries.a(stm32f401re_usart.o)
                0x00000000080034be                USART_GetITStatus
 .text.USART_ClearITPendingBit
                0x0000000008003574       0x3a D:\20231\TTKT-Lumi\SDK_1.0.3_NUCLEO-F401RE\lib_stm\libLibraries.a(stm32f401re_usart.o)
                0x0000000008003574                USART_ClearITPendingBit
 .text.ucg_clip_is_x_visible
                0x00000000080035ae       0x4a D:\20231\TTKT-Lumi\SDK_1.0.3_NUCLEO-F401RE\lib_stm\libLibraries.a(ucg_clip.o)
 .text.ucg_clip_is_y_visible
                0x00000000080035f8       0x4a D:\20231\TTKT-Lumi\SDK_1.0.3_NUCLEO-F401RE\lib_stm\libLibraries.a(ucg_clip.o)
 .text.ucg_clip_intersection
                0x0000000008003642       0x74 D:\20231\TTKT-Lumi\SDK_1.0.3_NUCLEO-F401RE\lib_stm\libLibraries.a(ucg_clip.o)
 .text.ucg_clip_is_pixel_visible
                0x00000000080036b6       0x32 D:\20231\TTKT-Lumi\SDK_1.0.3_NUCLEO-F401RE\lib_stm\libLibraries.a(ucg_clip.o)
                0x00000000080036b6                ucg_clip_is_pixel_visible
 .text.ucg_clip_l90fx
                0x00000000080036e8      0x300 D:\20231\TTKT-Lumi\SDK_1.0.3_NUCLEO-F401RE\lib_stm\libLibraries.a(ucg_clip.o)
                0x00000000080036e8                ucg_clip_l90fx
 .text.ucg_clip_l90se
                0x00000000080039e8       0x54 D:\20231\TTKT-Lumi\SDK_1.0.3_NUCLEO-F401RE\lib_stm\libLibraries.a(ucg_clip.o)
                0x00000000080039e8                ucg_clip_l90se
 .text.ucg_com_PowerDown
                0x0000000008003a3c       0x3e D:\20231\TTKT-Lumi\SDK_1.0.3_NUCLEO-F401RE\lib_stm\libLibraries.a(ucg_com_msg_api.o)
                0x0000000008003a3c                ucg_com_PowerDown
 .text.ucg_com_PowerUp
                0x0000000008003a7a       0x60 D:\20231\TTKT-Lumi\SDK_1.0.3_NUCLEO-F401RE\lib_stm\libLibraries.a(ucg_com_msg_api.o)
                0x0000000008003a7a                ucg_com_PowerUp
 .text.ucg_com_SetLineStatus
                0x0000000008003ada       0xe2 D:\20231\TTKT-Lumi\SDK_1.0.3_NUCLEO-F401RE\lib_stm\libLibraries.a(ucg_com_msg_api.o)
                0x0000000008003ada                ucg_com_SetLineStatus
 .text.ucg_com_SetResetLineStatus
                0x0000000008003bbc       0x20 D:\20231\TTKT-Lumi\SDK_1.0.3_NUCLEO-F401RE\lib_stm\libLibraries.a(ucg_com_msg_api.o)
                0x0000000008003bbc                ucg_com_SetResetLineStatus
 .text.ucg_com_SetCSLineStatus
                0x0000000008003bdc       0x20 D:\20231\TTKT-Lumi\SDK_1.0.3_NUCLEO-F401RE\lib_stm\libLibraries.a(ucg_com_msg_api.o)
                0x0000000008003bdc                ucg_com_SetCSLineStatus
 .text.ucg_com_SetCDLineStatus
                0x0000000008003bfc       0x20 D:\20231\TTKT-Lumi\SDK_1.0.3_NUCLEO-F401RE\lib_stm\libLibraries.a(ucg_com_msg_api.o)
                0x0000000008003bfc                ucg_com_SetCDLineStatus
 .text.ucg_com_DelayMicroseconds
                0x0000000008003c1c       0x22 D:\20231\TTKT-Lumi\SDK_1.0.3_NUCLEO-F401RE\lib_stm\libLibraries.a(ucg_com_msg_api.o)
                0x0000000008003c1c                ucg_com_DelayMicroseconds
 .text.ucg_com_DelayMilliseconds
                0x0000000008003c3e       0x2c D:\20231\TTKT-Lumi\SDK_1.0.3_NUCLEO-F401RE\lib_stm\libLibraries.a(ucg_com_msg_api.o)
                0x0000000008003c3e                ucg_com_DelayMilliseconds
 .text.ucg_com_SendByte
                0x0000000008003c6a       0x24 D:\20231\TTKT-Lumi\SDK_1.0.3_NUCLEO-F401RE\lib_stm\libLibraries.a(ucg_com_msg_api.o)
                0x0000000008003c6a                ucg_com_SendByte
 .text.ucg_com_SendStringP
                0x0000000008003c8e       0x40 D:\20231\TTKT-Lumi\SDK_1.0.3_NUCLEO-F401RE\lib_stm\libLibraries.a(ucg_com_msg_api.o)
                0x0000000008003c8e                ucg_com_SendStringP
 .text.ucg_com_SendCmdArg
                0x0000000008003cce       0x74 D:\20231\TTKT-Lumi\SDK_1.0.3_NUCLEO-F401RE\lib_stm\libLibraries.a(ucg_com_msg_api.o)
 *fill*         0x0000000008003d42        0x2 
 .text.ucg_com_SendCmdSeq
                0x0000000008003d44      0x278 D:\20231\TTKT-Lumi\SDK_1.0.3_NUCLEO-F401RE\lib_stm\libLibraries.a(ucg_com_msg_api.o)
                0x0000000008003d44                ucg_com_SendCmdSeq
 .text.sprintf  0x0000000008003fbc       0x40 C:/ST/STM32CubeIDE_1.13.1/STM32CubeIDE/plugins/com.st.stm32cube.ide.mcu.externaltools.gnu-tools-for-stm32.11.3.rel1.win32_1.1.0.202305231506/tools/bin/../lib/gcc/arm-none-eabi/11.3.1/../../../../arm-none-eabi/lib/thumb/v7e-m+fp/hard\libc_nano.a(libc_a-sprintf.o)
                0x0000000008003fbc                siprintf
                0x0000000008003fbc                sprintf
 .text.memset   0x0000000008003ffc       0x10 C:/ST/STM32CubeIDE_1.13.1/STM32CubeIDE/plugins/com.st.stm32cube.ide.mcu.externaltools.gnu-tools-for-stm32.11.3.rel1.win32_1.1.0.202305231506/tools/bin/../lib/gcc/arm-none-eabi/11.3.1/../../../../arm-none-eabi/lib/thumb/v7e-m+fp/hard\libc_nano.a(libc_a-memset.o)
                0x0000000008003ffc                memset
 .text.__errno  0x000000000800400c        0xc C:/ST/STM32CubeIDE_1.13.1/STM32CubeIDE/plugins/com.st.stm32cube.ide.mcu.externaltools.gnu-tools-for-stm32.11.3.rel1.win32_1.1.0.202305231506/tools/bin/../lib/gcc/arm-none-eabi/11.3.1/../../../../arm-none-eabi/lib/thumb/v7e-m+fp/hard\libc_nano.a(libc_a-errno.o)
                0x000000000800400c                __errno
 .text.__libc_init_array
                0x0000000008004018       0x48 C:/ST/STM32CubeIDE_1.13.1/STM32CubeIDE/plugins/com.st.stm32cube.ide.mcu.externaltools.gnu-tools-for-stm32.11.3.rel1.win32_1.1.0.202305231506/tools/bin/../lib/gcc/arm-none-eabi/11.3.1/../../../../arm-none-eabi/lib/thumb/v7e-m+fp/hard\libc_nano.a(libc_a-init.o)
                0x0000000008004018                __libc_init_array
 .text.__retarget_lock_acquire_recursive
                0x0000000008004060        0x2 C:/ST/STM32CubeIDE_1.13.1/STM32CubeIDE/plugins/com.st.stm32cube.ide.mcu.externaltools.gnu-tools-for-stm32.11.3.rel1.win32_1.1.0.202305231506/tools/bin/../lib/gcc/arm-none-eabi/11.3.1/../../../../arm-none-eabi/lib/thumb/v7e-m+fp/hard\libc_nano.a(libc_a-lock.o)
                0x0000000008004060                __retarget_lock_acquire_recursive
 .text.__retarget_lock_release_recursive
                0x0000000008004062        0x2 C:/ST/STM32CubeIDE_1.13.1/STM32CubeIDE/plugins/com.st.stm32cube.ide.mcu.externaltools.gnu-tools-for-stm32.11.3.rel1.win32_1.1.0.202305231506/tools/bin/../lib/gcc/arm-none-eabi/11.3.1/../../../../arm-none-eabi/lib/thumb/v7e-m+fp/hard\libc_nano.a(libc_a-lock.o)
                0x0000000008004062                __retarget_lock_release_recursive
 .text._free_r  0x0000000008004064       0x98 C:/ST/STM32CubeIDE_1.13.1/STM32CubeIDE/plugins/com.st.stm32cube.ide.mcu.externaltools.gnu-tools-for-stm32.11.3.rel1.win32_1.1.0.202305231506/tools/bin/../lib/gcc/arm-none-eabi/11.3.1/../../../../arm-none-eabi/lib/thumb/v7e-m+fp/hard\libc_nano.a(libc_a-freer.o)
                0x0000000008004064                _free_r
 .text.sbrk_aligned
                0x00000000080040fc       0x40 C:/ST/STM32CubeIDE_1.13.1/STM32CubeIDE/plugins/com.st.stm32cube.ide.mcu.externaltools.gnu-tools-for-stm32.11.3.rel1.win32_1.1.0.202305231506/tools/bin/../lib/gcc/arm-none-eabi/11.3.1/../../../../arm-none-eabi/lib/thumb/v7e-m+fp/hard\libc_nano.a(libc_a-mallocr.o)
 .text._malloc_r
                0x000000000800413c      0x100 C:/ST/STM32CubeIDE_1.13.1/STM32CubeIDE/plugins/com.st.stm32cube.ide.mcu.externaltools.gnu-tools-for-stm32.11.3.rel1.win32_1.1.0.202305231506/tools/bin/../lib/gcc/arm-none-eabi/11.3.1/../../../../arm-none-eabi/lib/thumb/v7e-m+fp/hard\libc_nano.a(libc_a-mallocr.o)
                0x000000000800413c                _malloc_r
 .text.__malloc_lock
                0x000000000800423c        0xc C:/ST/STM32CubeIDE_1.13.1/STM32CubeIDE/plugins/com.st.stm32cube.ide.mcu.externaltools.gnu-tools-for-stm32.11.3.rel1.win32_1.1.0.202305231506/tools/bin/../lib/gcc/arm-none-eabi/11.3.1/../../../../arm-none-eabi/lib/thumb/v7e-m+fp/hard\libc_nano.a(libc_a-mlock.o)
                0x000000000800423c                __malloc_lock
 .text.__malloc_unlock
                0x0000000008004248        0xc C:/ST/STM32CubeIDE_1.13.1/STM32CubeIDE/plugins/com.st.stm32cube.ide.mcu.externaltools.gnu-tools-for-stm32.11.3.rel1.win32_1.1.0.202305231506/tools/bin/../lib/gcc/arm-none-eabi/11.3.1/../../../../arm-none-eabi/lib/thumb/v7e-m+fp/hard\libc_nano.a(libc_a-mlock.o)
                0x0000000008004248                __malloc_unlock
 .text.__ssputs_r
                0x0000000008004254       0xb4 C:/ST/STM32CubeIDE_1.13.1/STM32CubeIDE/plugins/com.st.stm32cube.ide.mcu.externaltools.gnu-tools-for-stm32.11.3.rel1.win32_1.1.0.202305231506/tools/bin/../lib/gcc/arm-none-eabi/11.3.1/../../../../arm-none-eabi/lib/thumb/v7e-m+fp/hard\libc_nano.a(libc_a-nano-svfprintf.o)
                0x0000000008004254                __ssputs_r
 .text._svfprintf_r
                0x0000000008004308      0x1fc C:/ST/STM32CubeIDE_1.13.1/STM32CubeIDE/plugins/com.st.stm32cube.ide.mcu.externaltools.gnu-tools-for-stm32.11.3.rel1.win32_1.1.0.202305231506/tools/bin/../lib/gcc/arm-none-eabi/11.3.1/../../../../arm-none-eabi/lib/thumb/v7e-m+fp/hard\libc_nano.a(libc_a-nano-svfprintf.o)
                0x0000000008004308                _svfiprintf_r
                0x0000000008004308                _svfprintf_r
 .text._printf_common
                0x0000000008004504       0xda C:/ST/STM32CubeIDE_1.13.1/STM32CubeIDE/plugins/com.st.stm32cube.ide.mcu.externaltools.gnu-tools-for-stm32.11.3.rel1.win32_1.1.0.202305231506/tools/bin/../lib/gcc/arm-none-eabi/11.3.1/../../../../arm-none-eabi/lib/thumb/v7e-m+fp/hard\libc_nano.a(libc_a-nano-vfprintf_i.o)
                0x0000000008004504                _printf_common
 *fill*         0x00000000080045de        0x2 
 .text._printf_i
                0x00000000080045e0      0x244 C:/ST/STM32CubeIDE_1.13.1/STM32CubeIDE/plugins/com.st.stm32cube.ide.mcu.externaltools.gnu-tools-for-stm32.11.3.rel1.win32_1.1.0.202305231506/tools/bin/../lib/gcc/arm-none-eabi/11.3.1/../../../../arm-none-eabi/lib/thumb/v7e-m+fp/hard\libc_nano.a(libc_a-nano-vfprintf_i.o)
                0x00000000080045e0                _printf_i
 .text.memmove  0x0000000008004824       0x34 C:/ST/STM32CubeIDE_1.13.1/STM32CubeIDE/plugins/com.st.stm32cube.ide.mcu.externaltools.gnu-tools-for-stm32.11.3.rel1.win32_1.1.0.202305231506/tools/bin/../lib/gcc/arm-none-eabi/11.3.1/../../../../arm-none-eabi/lib/thumb/v7e-m+fp/hard\libc_nano.a(libc_a-memmove.o)
                0x0000000008004824                memmove
 .text._sbrk_r  0x0000000008004858       0x20 C:/ST/STM32CubeIDE_1.13.1/STM32CubeIDE/plugins/com.st.stm32cube.ide.mcu.externaltools.gnu-tools-for-stm32.11.3.rel1.win32_1.1.0.202305231506/tools/bin/../lib/gcc/arm-none-eabi/11.3.1/../../../../arm-none-eabi/lib/thumb/v7e-m+fp/hard\libc_nano.a(libc_a-sbrkr.o)
                0x0000000008004858                _sbrk_r
 .text.memcpy   0x0000000008004878       0x1c C:/ST/STM32CubeIDE_1.13.1/STM32CubeIDE/plugins/com.st.stm32cube.ide.mcu.externaltools.gnu-tools-for-stm32.11.3.rel1.win32_1.1.0.202305231506/tools/bin/../lib/gcc/arm-none-eabi/11.3.1/../../../../arm-none-eabi/lib/thumb/v7e-m+fp/hard\libc_nano.a(libc_a-memcpy-stub.o)
                0x0000000008004878                memcpy
 .text._realloc_r
                0x0000000008004894       0x5e C:/ST/STM32CubeIDE_1.13.1/STM32CubeIDE/plugins/com.st.stm32cube.ide.mcu.externaltools.gnu-tools-for-stm32.11.3.rel1.win32_1.1.0.202305231506/tools/bin/../lib/gcc/arm-none-eabi/11.3.1/../../../../arm-none-eabi/lib/thumb/v7e-m+fp/hard\libc_nano.a(libc_a-reallocr.o)
                0x0000000008004894                _realloc_r
 .text._malloc_usable_size_r
                0x00000000080048f2       0x10 C:/ST/STM32CubeIDE_1.13.1/STM32CubeIDE/plugins/com.st.stm32cube.ide.mcu.externaltools.gnu-tools-for-stm32.11.3.rel1.win32_1.1.0.202305231506/tools/bin/../lib/gcc/arm-none-eabi/11.3.1/../../../../arm-none-eabi/lib/thumb/v7e-m+fp/hard\libc_nano.a(libc_a-msizer.o)
                0x00000000080048f2                _malloc_usable_size_r
 *(.glue_7)
 .glue_7        0x0000000008004902        0x0 linker stubs
 *(.glue_7t)
 .glue_7t       0x0000000008004902        0x0 linker stubs
 *(.eh_frame)
 *fill*         0x0000000008004902        0x2 
 .eh_frame      0x0000000008004904        0x0 C:/ST/STM32CubeIDE_1.13.1/STM32CubeIDE/plugins/com.st.stm32cube.ide.mcu.externaltools.gnu-tools-for-stm32.11.3.rel1.win32_1.1.0.202305231506/tools/bin/../lib/gcc/arm-none-eabi/11.3.1/thumb/v7e-m+fp/hard/crtbegin.o
 *(.init)
 .init          0x0000000008004904        0x4 C:/ST/STM32CubeIDE_1.13.1/STM32CubeIDE/plugins/com.st.stm32cube.ide.mcu.externaltools.gnu-tools-for-stm32.11.3.rel1.win32_1.1.0.202305231506/tools/bin/../lib/gcc/arm-none-eabi/11.3.1/thumb/v7e-m+fp/hard/crti.o
                0x0000000008004904                _init
 .init          0x0000000008004908        0x8 C:/ST/STM32CubeIDE_1.13.1/STM32CubeIDE/plugins/com.st.stm32cube.ide.mcu.externaltools.gnu-tools-for-stm32.11.3.rel1.win32_1.1.0.202305231506/tools/bin/../lib/gcc/arm-none-eabi/11.3.1/thumb/v7e-m+fp/hard/crtn.o
 *(.fini)
 .fini          0x0000000008004910        0x4 C:/ST/STM32CubeIDE_1.13.1/STM32CubeIDE/plugins/com.st.stm32cube.ide.mcu.externaltools.gnu-tools-for-stm32.11.3.rel1.win32_1.1.0.202305231506/tools/bin/../lib/gcc/arm-none-eabi/11.3.1/thumb/v7e-m+fp/hard/crti.o
                0x0000000008004910                _fini
 .fini          0x0000000008004914        0x8 C:/ST/STM32CubeIDE_1.13.1/STM32CubeIDE/plugins/com.st.stm32cube.ide.mcu.externaltools.gnu-tools-for-stm32.11.3.rel1.win32_1.1.0.202305231506/tools/bin/../lib/gcc/arm-none-eabi/11.3.1/thumb/v7e-m+fp/hard/crtn.o
                0x000000000800491c                . = ALIGN (0x4)
                0x000000000800491c                _etext = .

.vfp11_veneer   0x000000000800491c        0x0
 .vfp11_veneer  0x000000000800491c        0x0 linker stubs

.v4_bx          0x000000000800491c        0x0
 .v4_bx         0x000000000800491c        0x0 linker stubs

.iplt           0x000000000800491c        0x0
 .iplt          0x000000000800491c        0x0 C:/ST/STM32CubeIDE_1.13.1/STM32CubeIDE/plugins/com.st.stm32cube.ide.mcu.externaltools.gnu-tools-for-stm32.11.3.rel1.win32_1.1.0.202305231506/tools/bin/../lib/gcc/arm-none-eabi/11.3.1/thumb/v7e-m+fp/hard/crtbegin.o

.rodata         0x000000000800491c      0x910
                0x000000000800491c                . = ALIGN (0x4)
 *(.rodata)
 .rodata        0x000000000800491c       0x44 ./Src/main.o
 .rodata        0x0000000008004960        0xf D:\20231\TTKT-Lumi\SDK_1.0.3_NUCLEO-F401RE\lib_stm\libLibraries.a(ucg_font.o)
 *(.rodata*)
 *fill*         0x000000000800496f        0x1 
 .rodata.ucg_st7735_set_pos_seq
                0x0000000008004970       0x1e D:\20231\TTKT-Lumi\SDK_1.0.3_NUCLEO-F401RE\lib_stm\libLibraries.a(ucg_dev_ic_st7735.o)
                0x0000000008004970                ucg_st7735_set_pos_seq
 *fill*         0x000000000800498e        0x2 
 .rodata.ucg_st7735_set_pos_dir0_seq
                0x0000000008004990       0x1e D:\20231\TTKT-Lumi\SDK_1.0.3_NUCLEO-F401RE\lib_stm\libLibraries.a(ucg_dev_ic_st7735.o)
                0x0000000008004990                ucg_st7735_set_pos_dir0_seq
 *fill*         0x00000000080049ae        0x2 
 .rodata.ucg_st7735_set_pos_dir1_seq
                0x00000000080049b0       0x21 D:\20231\TTKT-Lumi\SDK_1.0.3_NUCLEO-F401RE\lib_stm\libLibraries.a(ucg_dev_ic_st7735.o)
                0x00000000080049b0                ucg_st7735_set_pos_dir1_seq
 *fill*         0x00000000080049d1        0x3 
 .rodata.ucg_st7735_set_pos_dir2_seq
                0x00000000080049d4       0x21 D:\20231\TTKT-Lumi\SDK_1.0.3_NUCLEO-F401RE\lib_stm\libLibraries.a(ucg_dev_ic_st7735.o)
                0x00000000080049d4                ucg_st7735_set_pos_dir2_seq
 *fill*         0x00000000080049f5        0x3 
 .rodata.ucg_st7735_set_pos_dir3_seq
                0x00000000080049f8       0x24 D:\20231\TTKT-Lumi\SDK_1.0.3_NUCLEO-F401RE\lib_stm\libLibraries.a(ucg_dev_ic_st7735.o)
                0x00000000080049f8                ucg_st7735_set_pos_dir3_seq
 .rodata.ucg_st7735_power_down_seq
                0x0000000008004a1c        0x7 D:\20231\TTKT-Lumi\SDK_1.0.3_NUCLEO-F401RE\lib_stm\libLibraries.a(ucg_dev_ic_st7735.o)
 *fill*         0x0000000008004a23        0x1 
 .rodata.ucg_tft_128x160_st7735_init_seq
                0x0000000008004a24       0x2c D:\20231\TTKT-Lumi\SDK_1.0.3_NUCLEO-F401RE\lib_stm\libLibraries.a(ucg_dev_tft_128x128_st7735.o)
 .rodata.ucg_font_ncenR12_hr
                0x0000000008004a50      0x7a8 D:\20231\TTKT-Lumi\SDK_1.0.3_NUCLEO-F401RE\lib_stm\libLibraries.a(ucg_pixel_font_data.o)
                0x0000000008004a50                ucg_font_ncenR12_hr
 .rodata._svfprintf_r.str1.1
                0x00000000080051f8       0x11 C:/ST/STM32CubeIDE_1.13.1/STM32CubeIDE/plugins/com.st.stm32cube.ide.mcu.externaltools.gnu-tools-for-stm32.11.3.rel1.win32_1.1.0.202305231506/tools/bin/../lib/gcc/arm-none-eabi/11.3.1/../../../../arm-none-eabi/lib/thumb/v7e-m+fp/hard\libc_nano.a(libc_a-nano-svfprintf.o)
 .rodata._printf_i.str1.1
                0x0000000008005209       0x22 C:/ST/STM32CubeIDE_1.13.1/STM32CubeIDE/plugins/com.st.stm32cube.ide.mcu.externaltools.gnu-tools-for-stm32.11.3.rel1.win32_1.1.0.202305231506/tools/bin/../lib/gcc/arm-none-eabi/11.3.1/../../../../arm-none-eabi/lib/thumb/v7e-m+fp/hard\libc_nano.a(libc_a-nano-vfprintf_i.o)
                0x000000000800522c                . = ALIGN (0x4)
 *fill*         0x000000000800522b        0x1 

.rel.dyn        0x000000000800522c        0x0
 .rel.iplt      0x000000000800522c        0x0 C:/ST/STM32CubeIDE_1.13.1/STM32CubeIDE/plugins/com.st.stm32cube.ide.mcu.externaltools.gnu-tools-for-stm32.11.3.rel1.win32_1.1.0.202305231506/tools/bin/../lib/gcc/arm-none-eabi/11.3.1/thumb/v7e-m+fp/hard/crtbegin.o

.ARM.extab      0x000000000800522c        0x0
                0x000000000800522c                . = ALIGN (0x4)
 *(.ARM.extab* .gnu.linkonce.armextab.*)
                0x000000000800522c                . = ALIGN (0x4)

.ARM            0x000000000800522c        0x0
                0x000000000800522c                . = ALIGN (0x4)
                0x000000000800522c                __exidx_start = .
 *(.ARM.exidx*)
                0x000000000800522c                __exidx_end = .
                0x000000000800522c                . = ALIGN (0x4)

.preinit_array  0x000000000800522c        0x0
                0x000000000800522c                . = ALIGN (0x4)
                0x000000000800522c                PROVIDE (__preinit_array_start = .)
 *(.preinit_array*)
                0x000000000800522c                PROVIDE (__preinit_array_end = .)
                0x000000000800522c                . = ALIGN (0x4)

.init_array     0x000000000800522c        0x4
                0x000000000800522c                . = ALIGN (0x4)
                0x000000000800522c                PROVIDE (__init_array_start = .)
 *(SORT_BY_NAME(.init_array.*))
 *(.init_array*)
 .init_array    0x000000000800522c        0x4 C:/ST/STM32CubeIDE_1.13.1/STM32CubeIDE/plugins/com.st.stm32cube.ide.mcu.externaltools.gnu-tools-for-stm32.11.3.rel1.win32_1.1.0.202305231506/tools/bin/../lib/gcc/arm-none-eabi/11.3.1/thumb/v7e-m+fp/hard/crtbegin.o
                0x0000000008005230                PROVIDE (__init_array_end = .)
                0x0000000008005230                . = ALIGN (0x4)

.fini_array     0x0000000008005230        0x4
                0x0000000008005230                . = ALIGN (0x4)
                [!provide]                        PROVIDE (__fini_array_start = .)
 *(SORT_BY_NAME(.fini_array.*))
 *(.fini_array*)
 .fini_array    0x0000000008005230        0x4 C:/ST/STM32CubeIDE_1.13.1/STM32CubeIDE/plugins/com.st.stm32cube.ide.mcu.externaltools.gnu-tools-for-stm32.11.3.rel1.win32_1.1.0.202305231506/tools/bin/../lib/gcc/arm-none-eabi/11.3.1/thumb/v7e-m+fp/hard/crtbegin.o
                [!provide]                        PROVIDE (__fini_array_end = .)
                0x0000000008005234                . = ALIGN (0x4)
                0x0000000008005234                _sidata = LOADADDR (.data)

.data           0x0000000020000000       0x78 load address 0x0000000008005234
                0x0000000020000000                . = ALIGN (0x4)
                0x0000000020000000                _sdata = .
 *(.data)
 *(.data*)
 .data.SystemCoreClock
                0x0000000020000000        0x4 D:\20231\TTKT-Lumi\SDK_1.0.3_NUCLEO-F401RE\lib_stm\libLibraries.a(system_stm32f4xx.o)
                0x0000000020000000                SystemCoreClock
 .data.AHBPrescTable
                0x0000000020000004       0x10 D:\20231\TTKT-Lumi\SDK_1.0.3_NUCLEO-F401RE\lib_stm\libLibraries.a(system_stm32f4xx.o)
                0x0000000020000004                AHBPrescTable
 .data.APBAHBPrescTable
                0x0000000020000014       0x10 D:\20231\TTKT-Lumi\SDK_1.0.3_NUCLEO-F401RE\lib_stm\libLibraries.a(stm32f401re_rcc.o)
 .data.idTaskScanDecodeLen
                0x0000000020000024        0x1 D:\20231\TTKT-Lumi\SDK_1.0.3_NUCLEO-F401RE\lib_stm\libLibraries.a(ucg_font.o)
 *fill*         0x0000000020000025        0x3 
 .data._impure_data
                0x0000000020000028       0x4c C:/ST/STM32CubeIDE_1.13.1/STM32CubeIDE/plugins/com.st.stm32cube.ide.mcu.externaltools.gnu-tools-for-stm32.11.3.rel1.win32_1.1.0.202305231506/tools/bin/../lib/gcc/arm-none-eabi/11.3.1/../../../../arm-none-eabi/lib/thumb/v7e-m+fp/hard\libc_nano.a(libc_a-impure.o)
                0x0000000020000028                _impure_data
 .data._impure_ptr
                0x0000000020000074        0x4 C:/ST/STM32CubeIDE_1.13.1/STM32CubeIDE/plugins/com.st.stm32cube.ide.mcu.externaltools.gnu-tools-for-stm32.11.3.rel1.win32_1.1.0.202305231506/tools/bin/../lib/gcc/arm-none-eabi/11.3.1/../../../../arm-none-eabi/lib/thumb/v7e-m+fp/hard\libc_nano.a(libc_a-impure.o)
                0x0000000020000074                _impure_ptr
 *(.RamFunc)
 *(.RamFunc*)
                0x0000000020000078                . = ALIGN (0x4)
                0x0000000020000078                _edata = .

.igot.plt       0x0000000020000078        0x0 load address 0x00000000080052ac
 .igot.plt      0x0000000020000078        0x0 C:/ST/STM32CubeIDE_1.13.1/STM32CubeIDE/plugins/com.st.stm32cube.ide.mcu.externaltools.gnu-tools-for-stm32.11.3.rel1.win32_1.1.0.202305231506/tools/bin/../lib/gcc/arm-none-eabi/11.3.1/thumb/v7e-m+fp/hard/crtbegin.o
                0x0000000020000078                . = ALIGN (0x4)

.bss            0x0000000020000078     0x142c load address 0x00000000080052ac
                0x0000000020000078                _sbss = .
                0x0000000020000078                __bss_start__ = _sbss
 *(.bss)
 .bss           0x0000000020000078       0x1c C:/ST/STM32CubeIDE_1.13.1/STM32CubeIDE/plugins/com.st.stm32cube.ide.mcu.externaltools.gnu-tools-for-stm32.11.3.rel1.win32_1.1.0.202305231506/tools/bin/../lib/gcc/arm-none-eabi/11.3.1/thumb/v7e-m+fp/hard/crtbegin.o
 *(.bss*)
 .bss.ucg       0x0000000020000094       0xb4 ./Src/main.o
 .bss.time_initial
                0x0000000020000148        0x4 ./Src/main.o
                0x0000000020000148                time_initial
 .bss.time_current
                0x000000002000014c        0x4 ./Src/main.o
                0x000000002000014c                time_current
 .bss.idTimer   0x0000000020000150        0x4 ./Src/main.o
                0x0000000020000150                idTimer
 .bss.src1      0x0000000020000154       0x14 ./Src/main.o
 .bss.src2      0x0000000020000168       0x14 ./Src/main.o
 .bss.src3      0x000000002000017c       0x14 ./Src/main.o
 .bss.src4      0x0000000020000190       0x14 ./Src/main.o
 .bss.time_total
                0x00000000200001a4        0x4 ./Src/main.o
 .bss.temperature
                0x00000000200001a8        0x1 ./Src/main.o
 .bss.humidity  0x00000000200001a9        0x1 ./Src/main.o
 .bss.temperature1
                0x00000000200001aa        0x1 ./Src/main.o
 .bss.humidity1
                0x00000000200001ab        0x1 ./Src/main.o
 .bss.__sbrk_heap_end
                0x00000000200001ac        0x4 ./Src/sysmem.o
 .bss.g_pTimerHandle
                0x00000000200001b0      0x180 D:\20231\TTKT-Lumi\SDK_1.0.3_NUCLEO-F401RE\lib_stm\libLibraries.a(timer.o)
 .bss.g_wMilSecTickTimer
                0x0000000020000330        0x4 D:\20231\TTKT-Lumi\SDK_1.0.3_NUCLEO-F401RE\lib_stm\libLibraries.a(timer.o)
 .bss.g_pUartQueueRx
                0x0000000020000334        0x8 D:\20231\TTKT-Lumi\SDK_1.0.3_NUCLEO-F401RE\lib_stm\libLibraries.a(serial.o)
 .bss.fontQueue
                0x000000002000033c       0x10 D:\20231\TTKT-Lumi\SDK_1.0.3_NUCLEO-F401RE\lib_stm\libLibraries.a(ucg_font.o)
 .bss.pQueueFont
                0x000000002000034c     0x1000 D:\20231\TTKT-Lumi\SDK_1.0.3_NUCLEO-F401RE\lib_stm\libLibraries.a(ucg_font.o)
 .bss.next.7562
                0x000000002000134c        0x1 D:\20231\TTKT-Lumi\SDK_1.0.3_NUCLEO-F401RE\lib_stm\libLibraries.a(ucg_font.o)
 *fill*         0x000000002000134d        0x3 
 .bss.__sf      0x0000000020001350      0x138 C:/ST/STM32CubeIDE_1.13.1/STM32CubeIDE/plugins/com.st.stm32cube.ide.mcu.externaltools.gnu-tools-for-stm32.11.3.rel1.win32_1.1.0.202305231506/tools/bin/../lib/gcc/arm-none-eabi/11.3.1/../../../../arm-none-eabi/lib/thumb/v7e-m+fp/hard\libc_nano.a(libc_a-findfp.o)
                0x0000000020001350                __sf
 .bss.errno     0x0000000020001488        0x4 C:/ST/STM32CubeIDE_1.13.1/STM32CubeIDE/plugins/com.st.stm32cube.ide.mcu.externaltools.gnu-tools-for-stm32.11.3.rel1.win32_1.1.0.202305231506/tools/bin/../lib/gcc/arm-none-eabi/11.3.1/../../../../arm-none-eabi/lib/thumb/v7e-m+fp/hard\libc_nano.a(libc_a-reent.o)
                0x0000000020001488                errno
 .bss.__lock___malloc_recursive_mutex
                0x000000002000148c        0x1 C:/ST/STM32CubeIDE_1.13.1/STM32CubeIDE/plugins/com.st.stm32cube.ide.mcu.externaltools.gnu-tools-for-stm32.11.3.rel1.win32_1.1.0.202305231506/tools/bin/../lib/gcc/arm-none-eabi/11.3.1/../../../../arm-none-eabi/lib/thumb/v7e-m+fp/hard\libc_nano.a(libc_a-lock.o)
                0x000000002000148c                __lock___malloc_recursive_mutex
 *fill*         0x000000002000148d        0x3 
 .bss.__malloc_free_list
                0x0000000020001490        0x4 C:/ST/STM32CubeIDE_1.13.1/STM32CubeIDE/plugins/com.st.stm32cube.ide.mcu.externaltools.gnu-tools-for-stm32.11.3.rel1.win32_1.1.0.202305231506/tools/bin/../lib/gcc/arm-none-eabi/11.3.1/../../../../arm-none-eabi/lib/thumb/v7e-m+fp/hard\libc_nano.a(libc_a-mallocr.o)
                0x0000000020001490                __malloc_free_list
 .bss.__malloc_sbrk_start
                0x0000000020001494        0x4 C:/ST/STM32CubeIDE_1.13.1/STM32CubeIDE/plugins/com.st.stm32cube.ide.mcu.externaltools.gnu-tools-for-stm32.11.3.rel1.win32_1.1.0.202305231506/tools/bin/../lib/gcc/arm-none-eabi/11.3.1/../../../../arm-none-eabi/lib/thumb/v7e-m+fp/hard\libc_nano.a(libc_a-mallocr.o)
                0x0000000020001494                __malloc_sbrk_start
 *(COMMON)
 COMMON         0x0000000020001498        0xc D:\20231\TTKT-Lumi\SDK_1.0.3_NUCLEO-F401RE\lib_stm\libLibraries.a(ucg_font.o)
                0x0000000020001498                ucg_draw_str
                0x00000000200014a4                . = ALIGN (0x4)
                0x00000000200014a4                _ebss = .
                0x00000000200014a4                __bss_end__ = _ebss

._user_heap_stack
                0x00000000200014a4      0x604 load address 0x00000000080052ac
                0x00000000200014a8                . = ALIGN (0x8)
 *fill*         0x00000000200014a4        0x4 
                [!provide]                        PROVIDE (end = .)
                0x00000000200014a8                PROVIDE (_end = .)
                0x00000000200016a8                . = (. + _Min_Heap_Size)
 *fill*         0x00000000200014a8      0x200 
                0x0000000020001aa8                . = (. + _Min_Stack_Size)
 *fill*         0x00000000200016a8      0x400 
                0x0000000020001aa8                . = ALIGN (0x8)

/DISCARD/
 libc.a(*)
 libm.a(*)
 libgcc.a(*)

.ARM.attributes
                0x0000000000000000       0x30
 *(.ARM.attributes)
 .ARM.attributes
                0x0000000000000000       0x1e C:/ST/STM32CubeIDE_1.13.1/STM32CubeIDE/plugins/com.st.stm32cube.ide.mcu.externaltools.gnu-tools-for-stm32.11.3.rel1.win32_1.1.0.202305231506/tools/bin/../lib/gcc/arm-none-eabi/11.3.1/thumb/v7e-m+fp/hard/crti.o
 .ARM.attributes
                0x000000000000001e       0x34 C:/ST/STM32CubeIDE_1.13.1/STM32CubeIDE/plugins/com.st.stm32cube.ide.mcu.externaltools.gnu-tools-for-stm32.11.3.rel1.win32_1.1.0.202305231506/tools/bin/../lib/gcc/arm-none-eabi/11.3.1/thumb/v7e-m+fp/hard/crtbegin.o
 .ARM.attributes
                0x0000000000000052       0x34 ./Src/main.o
 .ARM.attributes
                0x0000000000000086       0x34 ./Src/sysmem.o
 .ARM.attributes
                0x00000000000000ba       0x21 ./Startup/startup_stm32f401retx.o
 .ARM.attributes
                0x00000000000000db       0x39 D:\20231\TTKT-Lumi\SDK_1.0.3_NUCLEO-F401RE\lib_stm\libLibraries.a(system_stm32f4xx.o)
 .ARM.attributes
                0x0000000000000114       0x39 D:\20231\TTKT-Lumi\SDK_1.0.3_NUCLEO-F401RE\lib_stm\libLibraries.a(stm32f401re_gpio.o)
 .ARM.attributes
                0x000000000000014d       0x39 D:\20231\TTKT-Lumi\SDK_1.0.3_NUCLEO-F401RE\lib_stm\libLibraries.a(stm32f401re_i2c.o)
 .ARM.attributes
                0x0000000000000186       0x39 D:\20231\TTKT-Lumi\SDK_1.0.3_NUCLEO-F401RE\lib_stm\libLibraries.a(stm32f401re_rcc.o)
 .ARM.attributes
                0x00000000000001bf       0x39 D:\20231\TTKT-Lumi\SDK_1.0.3_NUCLEO-F401RE\lib_stm\libLibraries.a(timer.o)
 .ARM.attributes
                0x00000000000001f8       0x39 D:\20231\TTKT-Lumi\SDK_1.0.3_NUCLEO-F401RE\lib_stm\libLibraries.a(temhumsensor.o)
 .ARM.attributes
                0x0000000000000231       0x39 D:\20231\TTKT-Lumi\SDK_1.0.3_NUCLEO-F401RE\lib_stm\libLibraries.a(serial.o)
 .ARM.attributes
                0x000000000000026a       0x39 D:\20231\TTKT-Lumi\SDK_1.0.3_NUCLEO-F401RE\lib_stm\libLibraries.a(Ucglib.o)
 .ARM.attributes
                0x00000000000002a3       0x39 D:\20231\TTKT-Lumi\SDK_1.0.3_NUCLEO-F401RE\lib_stm\libLibraries.a(ucg_box.o)
 .ARM.attributes
                0x00000000000002dc       0x39 D:\20231\TTKT-Lumi\SDK_1.0.3_NUCLEO-F401RE\lib_stm\libLibraries.a(ucg_ccs.o)
 .ARM.attributes
                0x0000000000000315       0x39 D:\20231\TTKT-Lumi\SDK_1.0.3_NUCLEO-F401RE\lib_stm\libLibraries.a(ucg_dev_default_cb.o)
 .ARM.attributes
                0x000000000000034e       0x39 D:\20231\TTKT-Lumi\SDK_1.0.3_NUCLEO-F401RE\lib_stm\libLibraries.a(ucg_dev_ic_st7735.o)
 .ARM.attributes
                0x0000000000000387       0x39 D:\20231\TTKT-Lumi\SDK_1.0.3_NUCLEO-F401RE\lib_stm\libLibraries.a(ucg_dev_msg_api.o)
 .ARM.attributes
                0x00000000000003c0       0x39 D:\20231\TTKT-Lumi\SDK_1.0.3_NUCLEO-F401RE\lib_stm\libLibraries.a(ucg_dev_tft_128x128_st7735.o)
 .ARM.attributes
                0x00000000000003f9       0x39 D:\20231\TTKT-Lumi\SDK_1.0.3_NUCLEO-F401RE\lib_stm\libLibraries.a(ucg_font.o)
 .ARM.attributes
                0x0000000000000432       0x39 D:\20231\TTKT-Lumi\SDK_1.0.3_NUCLEO-F401RE\lib_stm\libLibraries.a(ucg_init.o)
 .ARM.attributes
                0x000000000000046b       0x39 D:\20231\TTKT-Lumi\SDK_1.0.3_NUCLEO-F401RE\lib_stm\libLibraries.a(ucg_line.o)
 .ARM.attributes
                0x00000000000004a4       0x39 D:\20231\TTKT-Lumi\SDK_1.0.3_NUCLEO-F401RE\lib_stm\libLibraries.a(ucg_pixel.o)
 .ARM.attributes
                0x00000000000004dd       0x39 D:\20231\TTKT-Lumi\SDK_1.0.3_NUCLEO-F401RE\lib_stm\libLibraries.a(ucg_pixel_font_data.o)
 .ARM.attributes
                0x0000000000000516       0x39 D:\20231\TTKT-Lumi\SDK_1.0.3_NUCLEO-F401RE\lib_stm\libLibraries.a(ucg_rotate.o)
 .ARM.attributes
                0x000000000000054f       0x39 D:\20231\TTKT-Lumi\SDK_1.0.3_NUCLEO-F401RE\lib_stm\libLibraries.a(buff.o)
 .ARM.attributes
                0x0000000000000588       0x39 D:\20231\TTKT-Lumi\SDK_1.0.3_NUCLEO-F401RE\lib_stm\libLibraries.a(utilities.o)
 .ARM.attributes
                0x00000000000005c1       0x39 D:\20231\TTKT-Lumi\SDK_1.0.3_NUCLEO-F401RE\lib_stm\libLibraries.a(stm32f401re_usart.o)
 .ARM.attributes
                0x00000000000005fa       0x39 D:\20231\TTKT-Lumi\SDK_1.0.3_NUCLEO-F401RE\lib_stm\libLibraries.a(ucg_clip.o)
 .ARM.attributes
                0x0000000000000633       0x39 D:\20231\TTKT-Lumi\SDK_1.0.3_NUCLEO-F401RE\lib_stm\libLibraries.a(ucg_com_msg_api.o)
 .ARM.attributes
                0x000000000000066c       0x34 C:/ST/STM32CubeIDE_1.13.1/STM32CubeIDE/plugins/com.st.stm32cube.ide.mcu.externaltools.gnu-tools-for-stm32.11.3.rel1.win32_1.1.0.202305231506/tools/bin/../lib/gcc/arm-none-eabi/11.3.1/../../../../arm-none-eabi/lib/thumb/v7e-m+fp/hard\libc_nano.a(libc_a-findfp.o)
 .ARM.attributes
                0x00000000000006a0       0x34 C:/ST/STM32CubeIDE_1.13.1/STM32CubeIDE/plugins/com.st.stm32cube.ide.mcu.externaltools.gnu-tools-for-stm32.11.3.rel1.win32_1.1.0.202305231506/tools/bin/../lib/gcc/arm-none-eabi/11.3.1/../../../../arm-none-eabi/lib/thumb/v7e-m+fp/hard\libc_nano.a(libc_a-sprintf.o)
 .ARM.attributes
                0x00000000000006d4       0x34 C:/ST/STM32CubeIDE_1.13.1/STM32CubeIDE/plugins/com.st.stm32cube.ide.mcu.externaltools.gnu-tools-for-stm32.11.3.rel1.win32_1.1.0.202305231506/tools/bin/../lib/gcc/arm-none-eabi/11.3.1/../../../../arm-none-eabi/lib/thumb/v7e-m+fp/hard\libc_nano.a(libc_a-memset.o)
 .ARM.attributes
                0x0000000000000708       0x34 C:/ST/STM32CubeIDE_1.13.1/STM32CubeIDE/plugins/com.st.stm32cube.ide.mcu.externaltools.gnu-tools-for-stm32.11.3.rel1.win32_1.1.0.202305231506/tools/bin/../lib/gcc/arm-none-eabi/11.3.1/../../../../arm-none-eabi/lib/thumb/v7e-m+fp/hard\libc_nano.a(libc_a-reent.o)
 .ARM.attributes
                0x000000000000073c       0x34 C:/ST/STM32CubeIDE_1.13.1/STM32CubeIDE/plugins/com.st.stm32cube.ide.mcu.externaltools.gnu-tools-for-stm32.11.3.rel1.win32_1.1.0.202305231506/tools/bin/../lib/gcc/arm-none-eabi/11.3.1/../../../../arm-none-eabi/lib/thumb/v7e-m+fp/hard\libc_nano.a(libc_a-impure.o)
 .ARM.attributes
                0x0000000000000770       0x34 C:/ST/STM32CubeIDE_1.13.1/STM32CubeIDE/plugins/com.st.stm32cube.ide.mcu.externaltools.gnu-tools-for-stm32.11.3.rel1.win32_1.1.0.202305231506/tools/bin/../lib/gcc/arm-none-eabi/11.3.1/../../../../arm-none-eabi/lib/thumb/v7e-m+fp/hard\libc_nano.a(libc_a-errno.o)
 .ARM.attributes
                0x00000000000007a4       0x34 C:/ST/STM32CubeIDE_1.13.1/STM32CubeIDE/plugins/com.st.stm32cube.ide.mcu.externaltools.gnu-tools-for-stm32.11.3.rel1.win32_1.1.0.202305231506/tools/bin/../lib/gcc/arm-none-eabi/11.3.1/../../../../arm-none-eabi/lib/thumb/v7e-m+fp/hard\libc_nano.a(libc_a-init.o)
 .ARM.attributes
                0x00000000000007d8       0x34 C:/ST/STM32CubeIDE_1.13.1/STM32CubeIDE/plugins/com.st.stm32cube.ide.mcu.externaltools.gnu-tools-for-stm32.11.3.rel1.win32_1.1.0.202305231506/tools/bin/../lib/gcc/arm-none-eabi/11.3.1/../../../../arm-none-eabi/lib/thumb/v7e-m+fp/hard\libc_nano.a(libc_a-lock.o)
 .ARM.attributes
                0x000000000000080c       0x34 C:/ST/STM32CubeIDE_1.13.1/STM32CubeIDE/plugins/com.st.stm32cube.ide.mcu.externaltools.gnu-tools-for-stm32.11.3.rel1.win32_1.1.0.202305231506/tools/bin/../lib/gcc/arm-none-eabi/11.3.1/../../../../arm-none-eabi/lib/thumb/v7e-m+fp/hard\libc_nano.a(libc_a-freer.o)
 .ARM.attributes
                0x0000000000000840       0x34 C:/ST/STM32CubeIDE_1.13.1/STM32CubeIDE/plugins/com.st.stm32cube.ide.mcu.externaltools.gnu-tools-for-stm32.11.3.rel1.win32_1.1.0.202305231506/tools/bin/../lib/gcc/arm-none-eabi/11.3.1/../../../../arm-none-eabi/lib/thumb/v7e-m+fp/hard\libc_nano.a(libc_a-mallocr.o)
 .ARM.attributes
                0x0000000000000874       0x34 C:/ST/STM32CubeIDE_1.13.1/STM32CubeIDE/plugins/com.st.stm32cube.ide.mcu.externaltools.gnu-tools-for-stm32.11.3.rel1.win32_1.1.0.202305231506/tools/bin/../lib/gcc/arm-none-eabi/11.3.1/../../../../arm-none-eabi/lib/thumb/v7e-m+fp/hard\libc_nano.a(libc_a-mlock.o)
 .ARM.attributes
                0x00000000000008a8       0x34 C:/ST/STM32CubeIDE_1.13.1/STM32CubeIDE/plugins/com.st.stm32cube.ide.mcu.externaltools.gnu-tools-for-stm32.11.3.rel1.win32_1.1.0.202305231506/tools/bin/../lib/gcc/arm-none-eabi/11.3.1/../../../../arm-none-eabi/lib/thumb/v7e-m+fp/hard\libc_nano.a(libc_a-nano-svfprintf.o)
 .ARM.attributes
                0x00000000000008dc       0x34 C:/ST/STM32CubeIDE_1.13.1/STM32CubeIDE/plugins/com.st.stm32cube.ide.mcu.externaltools.gnu-tools-for-stm32.11.3.rel1.win32_1.1.0.202305231506/tools/bin/../lib/gcc/arm-none-eabi/11.3.1/../../../../arm-none-eabi/lib/thumb/v7e-m+fp/hard\libc_nano.a(libc_a-nano-vfprintf_i.o)
 .ARM.attributes
                0x0000000000000910       0x34 C:/ST/STM32CubeIDE_1.13.1/STM32CubeIDE/plugins/com.st.stm32cube.ide.mcu.externaltools.gnu-tools-for-stm32.11.3.rel1.win32_1.1.0.202305231506/tools/bin/../lib/gcc/arm-none-eabi/11.3.1/../../../../arm-none-eabi/lib/thumb/v7e-m+fp/hard\libc_nano.a(libc_a-memmove.o)
 .ARM.attributes
                0x0000000000000944       0x34 C:/ST/STM32CubeIDE_1.13.1/STM32CubeIDE/plugins/com.st.stm32cube.ide.mcu.externaltools.gnu-tools-for-stm32.11.3.rel1.win32_1.1.0.202305231506/tools/bin/../lib/gcc/arm-none-eabi/11.3.1/../../../../arm-none-eabi/lib/thumb/v7e-m+fp/hard\libc_nano.a(libc_a-sbrkr.o)
 .ARM.attributes
                0x0000000000000978       0x1c C:/ST/STM32CubeIDE_1.13.1/STM32CubeIDE/plugins/com.st.stm32cube.ide.mcu.externaltools.gnu-tools-for-stm32.11.3.rel1.win32_1.1.0.202305231506/tools/bin/../lib/gcc/arm-none-eabi/11.3.1/../../../../arm-none-eabi/lib/thumb/v7e-m+fp/hard\libc_nano.a(libc_a-memchr.o)
 .ARM.attributes
                0x0000000000000994       0x34 C:/ST/STM32CubeIDE_1.13.1/STM32CubeIDE/plugins/com.st.stm32cube.ide.mcu.externaltools.gnu-tools-for-stm32.11.3.rel1.win32_1.1.0.202305231506/tools/bin/../lib/gcc/arm-none-eabi/11.3.1/../../../../arm-none-eabi/lib/thumb/v7e-m+fp/hard\libc_nano.a(libc_a-memcpy-stub.o)
 .ARM.attributes
                0x00000000000009c8       0x34 C:/ST/STM32CubeIDE_1.13.1/STM32CubeIDE/plugins/com.st.stm32cube.ide.mcu.externaltools.gnu-tools-for-stm32.11.3.rel1.win32_1.1.0.202305231506/tools/bin/../lib/gcc/arm-none-eabi/11.3.1/../../../../arm-none-eabi/lib/thumb/v7e-m+fp/hard\libc_nano.a(libc_a-reallocr.o)
 .ARM.attributes
                0x00000000000009fc       0x34 C:/ST/STM32CubeIDE_1.13.1/STM32CubeIDE/plugins/com.st.stm32cube.ide.mcu.externaltools.gnu-tools-for-stm32.11.3.rel1.win32_1.1.0.202305231506/tools/bin/../lib/gcc/arm-none-eabi/11.3.1/../../../../arm-none-eabi/lib/thumb/v7e-m+fp/hard\libc_nano.a(libc_a-msizer.o)
 .ARM.attributes
                0x0000000000000a30       0x1e C:/ST/STM32CubeIDE_1.13.1/STM32CubeIDE/plugins/com.st.stm32cube.ide.mcu.externaltools.gnu-tools-for-stm32.11.3.rel1.win32_1.1.0.202305231506/tools/bin/../lib/gcc/arm-none-eabi/11.3.1/thumb/v7e-m+fp/hard/crtn.o
OUTPUT(MULTISENSOR_MCU_V1.0.0.elf elf32-littlearm)
LOAD linker stubs
LOAD C:/ST/STM32CubeIDE_1.13.1/STM32CubeIDE/plugins/com.st.stm32cube.ide.mcu.externaltools.gnu-tools-for-stm32.11.3.rel1.win32_1.1.0.202305231506/tools/bin/../lib/gcc/arm-none-eabi/11.3.1/../../../../arm-none-eabi/lib/thumb/v7e-m+fp/hard\libc.a
LOAD C:/ST/STM32CubeIDE_1.13.1/STM32CubeIDE/plugins/com.st.stm32cube.ide.mcu.externaltools.gnu-tools-for-stm32.11.3.rel1.win32_1.1.0.202305231506/tools/bin/../lib/gcc/arm-none-eabi/11.3.1/../../../../arm-none-eabi/lib/thumb/v7e-m+fp/hard\libm.a
LOAD C:/ST/STM32CubeIDE_1.13.1/STM32CubeIDE/plugins/com.st.stm32cube.ide.mcu.externaltools.gnu-tools-for-stm32.11.3.rel1.win32_1.1.0.202305231506/tools/bin/../lib/gcc/arm-none-eabi/11.3.1/thumb/v7e-m+fp/hard\libgcc.a

.comment        0x0000000000000000       0xbe
 .comment       0x0000000000000000       0x43 C:/ST/STM32CubeIDE_1.13.1/STM32CubeIDE/plugins/com.st.stm32cube.ide.mcu.externaltools.gnu-tools-for-stm32.11.3.rel1.win32_1.1.0.202305231506/tools/bin/../lib/gcc/arm-none-eabi/11.3.1/thumb/v7e-m+fp/hard/crtbegin.o
                                         0x44 (size before relaxing)
 .comment       0x0000000000000043       0x44 ./Src/main.o
 .comment       0x0000000000000043       0x44 ./Src/sysmem.o
 .comment       0x0000000000000043       0x7b D:\20231\TTKT-Lumi\SDK_1.0.3_NUCLEO-F401RE\lib_stm\libLibraries.a(system_stm32f4xx.o)
                                         0x7c (size before relaxing)
 .comment       0x00000000000000be       0x7c D:\20231\TTKT-Lumi\SDK_1.0.3_NUCLEO-F401RE\lib_stm\libLibraries.a(stm32f401re_gpio.o)
 .comment       0x00000000000000be       0x7c D:\20231\TTKT-Lumi\SDK_1.0.3_NUCLEO-F401RE\lib_stm\libLibraries.a(stm32f401re_i2c.o)
 .comment       0x00000000000000be       0x7c D:\20231\TTKT-Lumi\SDK_1.0.3_NUCLEO-F401RE\lib_stm\libLibraries.a(stm32f401re_rcc.o)
 .comment       0x00000000000000be       0x7c D:\20231\TTKT-Lumi\SDK_1.0.3_NUCLEO-F401RE\lib_stm\libLibraries.a(timer.o)
 .comment       0x00000000000000be       0x7c D:\20231\TTKT-Lumi\SDK_1.0.3_NUCLEO-F401RE\lib_stm\libLibraries.a(temhumsensor.o)
 .comment       0x00000000000000be       0x7c D:\20231\TTKT-Lumi\SDK_1.0.3_NUCLEO-F401RE\lib_stm\libLibraries.a(serial.o)
 .comment       0x00000000000000be       0x7c D:\20231\TTKT-Lumi\SDK_1.0.3_NUCLEO-F401RE\lib_stm\libLibraries.a(Ucglib.o)
 .comment       0x00000000000000be       0x7c D:\20231\TTKT-Lumi\SDK_1.0.3_NUCLEO-F401RE\lib_stm\libLibraries.a(ucg_box.o)
 .comment       0x00000000000000be       0x7c D:\20231\TTKT-Lumi\SDK_1.0.3_NUCLEO-F401RE\lib_stm\libLibraries.a(ucg_ccs.o)
 .comment       0x00000000000000be       0x7c D:\20231\TTKT-Lumi\SDK_1.0.3_NUCLEO-F401RE\lib_stm\libLibraries.a(ucg_dev_default_cb.o)
 .comment       0x00000000000000be       0x7c D:\20231\TTKT-Lumi\SDK_1.0.3_NUCLEO-F401RE\lib_stm\libLibraries.a(ucg_dev_ic_st7735.o)
 .comment       0x00000000000000be       0x7c D:\20231\TTKT-Lumi\SDK_1.0.3_NUCLEO-F401RE\lib_stm\libLibraries.a(ucg_dev_msg_api.o)
 .comment       0x00000000000000be       0x7c D:\20231\TTKT-Lumi\SDK_1.0.3_NUCLEO-F401RE\lib_stm\libLibraries.a(ucg_dev_tft_128x128_st7735.o)
 .comment       0x00000000000000be       0x7c D:\20231\TTKT-Lumi\SDK_1.0.3_NUCLEO-F401RE\lib_stm\libLibraries.a(ucg_font.o)
 .comment       0x00000000000000be       0x7c D:\20231\TTKT-Lumi\SDK_1.0.3_NUCLEO-F401RE\lib_stm\libLibraries.a(ucg_init.o)
 .comment       0x00000000000000be       0x7c D:\20231\TTKT-Lumi\SDK_1.0.3_NUCLEO-F401RE\lib_stm\libLibraries.a(ucg_line.o)
 .comment       0x00000000000000be       0x7c D:\20231\TTKT-Lumi\SDK_1.0.3_NUCLEO-F401RE\lib_stm\libLibraries.a(ucg_pixel.o)
 .comment       0x00000000000000be       0x7c D:\20231\TTKT-Lumi\SDK_1.0.3_NUCLEO-F401RE\lib_stm\libLibraries.a(ucg_pixel_font_data.o)
 .comment       0x00000000000000be       0x7c D:\20231\TTKT-Lumi\SDK_1.0.3_NUCLEO-F401RE\lib_stm\libLibraries.a(ucg_rotate.o)
 .comment       0x00000000000000be       0x7c D:\20231\TTKT-Lumi\SDK_1.0.3_NUCLEO-F401RE\lib_stm\libLibraries.a(buff.o)
 .comment       0x00000000000000be       0x7c D:\20231\TTKT-Lumi\SDK_1.0.3_NUCLEO-F401RE\lib_stm\libLibraries.a(utilities.o)
 .comment       0x00000000000000be       0x7c D:\20231\TTKT-Lumi\SDK_1.0.3_NUCLEO-F401RE\lib_stm\libLibraries.a(stm32f401re_usart.o)
 .comment       0x00000000000000be       0x7c D:\20231\TTKT-Lumi\SDK_1.0.3_NUCLEO-F401RE\lib_stm\libLibraries.a(ucg_clip.o)
 .comment       0x00000000000000be       0x7c D:\20231\TTKT-Lumi\SDK_1.0.3_NUCLEO-F401RE\lib_stm\libLibraries.a(ucg_com_msg_api.o)

.debug_info     0x0000000000000000    0x37916
 .debug_info    0x0000000000000000     0x11eb ./Src/main.o
 .debug_info    0x00000000000011eb      0x168 ./Src/sysmem.o
 .debug_info    0x0000000000001353       0x23 ./Startup/startup_stm32f401retx.o
 .debug_info    0x0000000000001376      0x5bb D:\20231\TTKT-Lumi\SDK_1.0.3_NUCLEO-F401RE\lib_stm\libLibraries.a(system_stm32f4xx.o)
 .debug_info    0x0000000000001931      0x62b D:\20231\TTKT-Lumi\SDK_1.0.3_NUCLEO-F401RE\lib_stm\libLibraries.a(stm32f401re_gpio.o)
 .debug_info    0x0000000000001f5c      0xb9e D:\20231\TTKT-Lumi\SDK_1.0.3_NUCLEO-F401RE\lib_stm\libLibraries.a(stm32f401re_i2c.o)
 .debug_info    0x0000000000002afa      0xd5e D:\20231\TTKT-Lumi\SDK_1.0.3_NUCLEO-F401RE\lib_stm\libLibraries.a(stm32f401re_rcc.o)
 .debug_info    0x0000000000003858      0x922 D:\20231\TTKT-Lumi\SDK_1.0.3_NUCLEO-F401RE\lib_stm\libLibraries.a(timer.o)
 .debug_info    0x000000000000417a      0xafd D:\20231\TTKT-Lumi\SDK_1.0.3_NUCLEO-F401RE\lib_stm\libLibraries.a(temhumsensor.o)
 .debug_info    0x0000000000004c77      0xb11 D:\20231\TTKT-Lumi\SDK_1.0.3_NUCLEO-F401RE\lib_stm\libLibraries.a(serial.o)
 .debug_info    0x0000000000005788     0x333f D:\20231\TTKT-Lumi\SDK_1.0.3_NUCLEO-F401RE\lib_stm\libLibraries.a(Ucglib.o)
 .debug_info    0x0000000000008ac7     0x329d D:\20231\TTKT-Lumi\SDK_1.0.3_NUCLEO-F401RE\lib_stm\libLibraries.a(ucg_box.o)
 .debug_info    0x000000000000bd64     0x2b08 D:\20231\TTKT-Lumi\SDK_1.0.3_NUCLEO-F401RE\lib_stm\libLibraries.a(ucg_ccs.o)
 .debug_info    0x000000000000e86c     0x324b D:\20231\TTKT-Lumi\SDK_1.0.3_NUCLEO-F401RE\lib_stm\libLibraries.a(ucg_dev_default_cb.o)
 .debug_info    0x0000000000011ab7     0x3272 D:\20231\TTKT-Lumi\SDK_1.0.3_NUCLEO-F401RE\lib_stm\libLibraries.a(ucg_dev_ic_st7735.o)
 .debug_info    0x0000000000014d29     0x3178 D:\20231\TTKT-Lumi\SDK_1.0.3_NUCLEO-F401RE\lib_stm\libLibraries.a(ucg_dev_msg_api.o)
 .debug_info    0x0000000000017ea1     0x303e D:\20231\TTKT-Lumi\SDK_1.0.3_NUCLEO-F401RE\lib_stm\libLibraries.a(ucg_dev_tft_128x128_st7735.o)
 .debug_info    0x000000000001aedf     0x43ab D:\20231\TTKT-Lumi\SDK_1.0.3_NUCLEO-F401RE\lib_stm\libLibraries.a(ucg_font.o)
 .debug_info    0x000000000001f28a     0x3856 D:\20231\TTKT-Lumi\SDK_1.0.3_NUCLEO-F401RE\lib_stm\libLibraries.a(ucg_init.o)
 .debug_info    0x0000000000022ae0     0x3222 D:\20231\TTKT-Lumi\SDK_1.0.3_NUCLEO-F401RE\lib_stm\libLibraries.a(ucg_line.o)
 .debug_info    0x0000000000025d02     0x3056 D:\20231\TTKT-Lumi\SDK_1.0.3_NUCLEO-F401RE\lib_stm\libLibraries.a(ucg_pixel.o)
 .debug_info    0x0000000000028d58     0x43df D:\20231\TTKT-Lumi\SDK_1.0.3_NUCLEO-F401RE\lib_stm\libLibraries.a(ucg_pixel_font_data.o)
 .debug_info    0x000000000002d137     0x3231 D:\20231\TTKT-Lumi\SDK_1.0.3_NUCLEO-F401RE\lib_stm\libLibraries.a(ucg_rotate.o)
 .debug_info    0x0000000000030368      0x339 D:\20231\TTKT-Lumi\SDK_1.0.3_NUCLEO-F401RE\lib_stm\libLibraries.a(buff.o)
 .debug_info    0x00000000000306a1      0x2bd D:\20231\TTKT-Lumi\SDK_1.0.3_NUCLEO-F401RE\lib_stm\libLibraries.a(utilities.o)
 .debug_info    0x000000000003095e      0x9d4 D:\20231\TTKT-Lumi\SDK_1.0.3_NUCLEO-F401RE\lib_stm\libLibraries.a(stm32f401re_usart.o)
 .debug_info    0x0000000000031332     0x315a D:\20231\TTKT-Lumi\SDK_1.0.3_NUCLEO-F401RE\lib_stm\libLibraries.a(ucg_clip.o)
 .debug_info    0x000000000003448c     0x348a D:\20231\TTKT-Lumi\SDK_1.0.3_NUCLEO-F401RE\lib_stm\libLibraries.a(ucg_com_msg_api.o)

.debug_abbrev   0x0000000000000000     0x2e12
 .debug_abbrev  0x0000000000000000      0x3e1 ./Src/main.o
 .debug_abbrev  0x00000000000003e1       0xbc ./Src/sysmem.o
 .debug_abbrev  0x000000000000049d       0x12 ./Startup/startup_stm32f401retx.o
 .debug_abbrev  0x00000000000004af      0x138 D:\20231\TTKT-Lumi\SDK_1.0.3_NUCLEO-F401RE\lib_stm\libLibraries.a(system_stm32f4xx.o)
 .debug_abbrev  0x00000000000005e7      0x1bf D:\20231\TTKT-Lumi\SDK_1.0.3_NUCLEO-F401RE\lib_stm\libLibraries.a(stm32f401re_gpio.o)
 .debug_abbrev  0x00000000000007a6      0x196 D:\20231\TTKT-Lumi\SDK_1.0.3_NUCLEO-F401RE\lib_stm\libLibraries.a(stm32f401re_i2c.o)
 .debug_abbrev  0x000000000000093c      0x1d4 D:\20231\TTKT-Lumi\SDK_1.0.3_NUCLEO-F401RE\lib_stm\libLibraries.a(stm32f401re_rcc.o)
 .debug_abbrev  0x0000000000000b10      0x29a D:\20231\TTKT-Lumi\SDK_1.0.3_NUCLEO-F401RE\lib_stm\libLibraries.a(timer.o)
 .debug_abbrev  0x0000000000000daa      0x24a D:\20231\TTKT-Lumi\SDK_1.0.3_NUCLEO-F401RE\lib_stm\libLibraries.a(temhumsensor.o)
 .debug_abbrev  0x0000000000000ff4      0x2ba D:\20231\TTKT-Lumi\SDK_1.0.3_NUCLEO-F401RE\lib_stm\libLibraries.a(serial.o)
 .debug_abbrev  0x00000000000012ae      0x202 D:\20231\TTKT-Lumi\SDK_1.0.3_NUCLEO-F401RE\lib_stm\libLibraries.a(Ucglib.o)
 .debug_abbrev  0x00000000000014b0      0x18b D:\20231\TTKT-Lumi\SDK_1.0.3_NUCLEO-F401RE\lib_stm\libLibraries.a(ucg_box.o)
 .debug_abbrev  0x000000000000163b       0xf5 D:\20231\TTKT-Lumi\SDK_1.0.3_NUCLEO-F401RE\lib_stm\libLibraries.a(ucg_ccs.o)
 .debug_abbrev  0x0000000000001730      0x19e D:\20231\TTKT-Lumi\SDK_1.0.3_NUCLEO-F401RE\lib_stm\libLibraries.a(ucg_dev_default_cb.o)
 .debug_abbrev  0x00000000000018ce      0x1dc D:\20231\TTKT-Lumi\SDK_1.0.3_NUCLEO-F401RE\lib_stm\libLibraries.a(ucg_dev_ic_st7735.o)
 .debug_abbrev  0x0000000000001aaa      0x191 D:\20231\TTKT-Lumi\SDK_1.0.3_NUCLEO-F401RE\lib_stm\libLibraries.a(ucg_dev_msg_api.o)
 .debug_abbrev  0x0000000000001c3b      0x14e D:\20231\TTKT-Lumi\SDK_1.0.3_NUCLEO-F401RE\lib_stm\libLibraries.a(ucg_dev_tft_128x128_st7735.o)
 .debug_abbrev  0x0000000000001d89      0x2fc D:\20231\TTKT-Lumi\SDK_1.0.3_NUCLEO-F401RE\lib_stm\libLibraries.a(ucg_font.o)
 .debug_abbrev  0x0000000000002085      0x1c6 D:\20231\TTKT-Lumi\SDK_1.0.3_NUCLEO-F401RE\lib_stm\libLibraries.a(ucg_init.o)
 .debug_abbrev  0x000000000000224b      0x175 D:\20231\TTKT-Lumi\SDK_1.0.3_NUCLEO-F401RE\lib_stm\libLibraries.a(ucg_line.o)
 .debug_abbrev  0x00000000000023c0      0x148 D:\20231\TTKT-Lumi\SDK_1.0.3_NUCLEO-F401RE\lib_stm\libLibraries.a(ucg_pixel.o)
 .debug_abbrev  0x0000000000002508       0x83 D:\20231\TTKT-Lumi\SDK_1.0.3_NUCLEO-F401RE\lib_stm\libLibraries.a(ucg_pixel_font_data.o)
 .debug_abbrev  0x000000000000258b      0x1a3 D:\20231\TTKT-Lumi\SDK_1.0.3_NUCLEO-F401RE\lib_stm\libLibraries.a(ucg_rotate.o)
 .debug_abbrev  0x000000000000272e      0x12a D:\20231\TTKT-Lumi\SDK_1.0.3_NUCLEO-F401RE\lib_stm\libLibraries.a(buff.o)
 .debug_abbrev  0x0000000000002858       0xce D:\20231\TTKT-Lumi\SDK_1.0.3_NUCLEO-F401RE\lib_stm\libLibraries.a(utilities.o)
 .debug_abbrev  0x0000000000002926      0x187 D:\20231\TTKT-Lumi\SDK_1.0.3_NUCLEO-F401RE\lib_stm\libLibraries.a(stm32f401re_usart.o)
 .debug_abbrev  0x0000000000002aad      0x173 D:\20231\TTKT-Lumi\SDK_1.0.3_NUCLEO-F401RE\lib_stm\libLibraries.a(ucg_clip.o)
 .debug_abbrev  0x0000000000002c20      0x1f2 D:\20231\TTKT-Lumi\SDK_1.0.3_NUCLEO-F401RE\lib_stm\libLibraries.a(ucg_com_msg_api.o)

.debug_aranges  0x0000000000000000      0xd18
 .debug_aranges
                0x0000000000000000       0xa8 ./Src/main.o
 .debug_aranges
                0x00000000000000a8       0x20 ./Src/sysmem.o
 .debug_aranges
                0x00000000000000c8       0x28 ./Startup/startup_stm32f401retx.o
 .debug_aranges
                0x00000000000000f0       0x30 D:\20231\TTKT-Lumi\SDK_1.0.3_NUCLEO-F401RE\lib_stm\libLibraries.a(system_stm32f4xx.o)
 .debug_aranges
                0x0000000000000120       0x88 D:\20231\TTKT-Lumi\SDK_1.0.3_NUCLEO-F401RE\lib_stm\libLibraries.a(stm32f401re_gpio.o)
 .debug_aranges
                0x00000000000001a8      0x130 D:\20231\TTKT-Lumi\SDK_1.0.3_NUCLEO-F401RE\lib_stm\libLibraries.a(stm32f401re_i2c.o)
 .debug_aranges
                0x00000000000002d8      0x198 D:\20231\TTKT-Lumi\SDK_1.0.3_NUCLEO-F401RE\lib_stm\libLibraries.a(stm32f401re_rcc.o)
 .debug_aranges
                0x0000000000000470       0x70 D:\20231\TTKT-Lumi\SDK_1.0.3_NUCLEO-F401RE\lib_stm\libLibraries.a(timer.o)
 .debug_aranges
                0x00000000000004e0       0xe8 D:\20231\TTKT-Lumi\SDK_1.0.3_NUCLEO-F401RE\lib_stm\libLibraries.a(temhumsensor.o)
 .debug_aranges
                0x00000000000005c8       0x80 D:\20231\TTKT-Lumi\SDK_1.0.3_NUCLEO-F401RE\lib_stm\libLibraries.a(serial.o)
 .debug_aranges
                0x0000000000000648       0x48 D:\20231\TTKT-Lumi\SDK_1.0.3_NUCLEO-F401RE\lib_stm\libLibraries.a(Ucglib.o)
 .debug_aranges
                0x0000000000000690       0x48 D:\20231\TTKT-Lumi\SDK_1.0.3_NUCLEO-F401RE\lib_stm\libLibraries.a(ucg_box.o)
 .debug_aranges
                0x00000000000006d8       0x30 D:\20231\TTKT-Lumi\SDK_1.0.3_NUCLEO-F401RE\lib_stm\libLibraries.a(ucg_ccs.o)
 .debug_aranges
                0x0000000000000708       0x48 D:\20231\TTKT-Lumi\SDK_1.0.3_NUCLEO-F401RE\lib_stm\libLibraries.a(ucg_dev_default_cb.o)
 .debug_aranges
                0x0000000000000750       0x40 D:\20231\TTKT-Lumi\SDK_1.0.3_NUCLEO-F401RE\lib_stm\libLibraries.a(ucg_dev_ic_st7735.o)
 .debug_aranges
                0x0000000000000790       0x60 D:\20231\TTKT-Lumi\SDK_1.0.3_NUCLEO-F401RE\lib_stm\libLibraries.a(ucg_dev_msg_api.o)
 .debug_aranges
                0x00000000000007f0       0x20 D:\20231\TTKT-Lumi\SDK_1.0.3_NUCLEO-F401RE\lib_stm\libLibraries.a(ucg_dev_tft_128x128_st7735.o)
 .debug_aranges
                0x0000000000000810      0x168 D:\20231\TTKT-Lumi\SDK_1.0.3_NUCLEO-F401RE\lib_stm\libLibraries.a(ucg_font.o)
 .debug_aranges
                0x0000000000000978       0x28 D:\20231\TTKT-Lumi\SDK_1.0.3_NUCLEO-F401RE\lib_stm\libLibraries.a(ucg_init.o)
 .debug_aranges
                0x00000000000009a0       0x48 D:\20231\TTKT-Lumi\SDK_1.0.3_NUCLEO-F401RE\lib_stm\libLibraries.a(ucg_line.o)
 .debug_aranges
                0x00000000000009e8       0x28 D:\20231\TTKT-Lumi\SDK_1.0.3_NUCLEO-F401RE\lib_stm\libLibraries.a(ucg_pixel.o)
 .debug_aranges
                0x0000000000000a10       0x18 D:\20231\TTKT-Lumi\SDK_1.0.3_NUCLEO-F401RE\lib_stm\libLibraries.a(ucg_pixel_font_data.o)
 .debug_aranges
                0x0000000000000a28       0x68 D:\20231\TTKT-Lumi\SDK_1.0.3_NUCLEO-F401RE\lib_stm\libLibraries.a(ucg_rotate.o)
 .debug_aranges
                0x0000000000000a90       0x50 D:\20231\TTKT-Lumi\SDK_1.0.3_NUCLEO-F401RE\lib_stm\libLibraries.a(buff.o)
 .debug_aranges
                0x0000000000000ae0       0x48 D:\20231\TTKT-Lumi\SDK_1.0.3_NUCLEO-F401RE\lib_stm\libLibraries.a(utilities.o)
 .debug_aranges
                0x0000000000000b28      0x100 D:\20231\TTKT-Lumi\SDK_1.0.3_NUCLEO-F401RE\lib_stm\libLibraries.a(stm32f401re_usart.o)
 .debug_aranges
                0x0000000000000c28       0x50 D:\20231\TTKT-Lumi\SDK_1.0.3_NUCLEO-F401RE\lib_stm\libLibraries.a(ucg_clip.o)
 .debug_aranges
                0x0000000000000c78       0xa0 D:\20231\TTKT-Lumi\SDK_1.0.3_NUCLEO-F401RE\lib_stm\libLibraries.a(ucg_com_msg_api.o)

.debug_rnglists
                0x0000000000000000       0xa9
 .debug_rnglists
                0x0000000000000000       0x7d ./Src/main.o
 .debug_rnglists
                0x000000000000007d       0x13 ./Src/sysmem.o
 .debug_rnglists
                0x0000000000000090       0x19 ./Startup/startup_stm32f401retx.o

.debug_macro    0x0000000000000000     0xfda7
 .debug_macro   0x0000000000000000      0x29a ./Src/main.o
 .debug_macro   0x000000000000029a      0xab4 ./Src/main.o
 .debug_macro   0x0000000000000d4e       0x22 ./Src/main.o
 .debug_macro   0x0000000000000d70       0x8e ./Src/main.o
 .debug_macro   0x0000000000000dfe       0x51 ./Src/main.o
 .debug_macro   0x0000000000000e4f      0x103 ./Src/main.o
 .debug_macro   0x0000000000000f52       0x6a ./Src/main.o
 .debug_macro   0x0000000000000fbc      0x1df ./Src/main.o
 .debug_macro   0x000000000000119b       0x7c ./Src/main.o
 .debug_macro   0x0000000000001217      0x174 ./Src/main.o
 .debug_macro   0x000000000000138b       0x22 ./Src/main.o
 .debug_macro   0x00000000000013ad      0x301 ./Src/main.o
 .debug_macro   0x00000000000016ae       0x6b ./Src/main.o
 .debug_macro   0x0000000000001719       0x3b ./Src/main.o
 .debug_macro   0x0000000000001754       0x34 ./Src/main.o
 .debug_macro   0x0000000000001788       0x26 ./Src/main.o
 .debug_macro   0x00000000000017ae      0xe43 ./Src/main.o
 .debug_macro   0x00000000000025f1     0x8018 ./Src/main.o
 .debug_macro   0x000000000000a609      0x2b4 ./Src/main.o
 .debug_macro   0x000000000000a8bd      0x36c ./Src/main.o
 .debug_macro   0x000000000000ac29       0x61 ./Src/main.o
 .debug_macro   0x000000000000ac8a       0x2a ./Src/main.o
 .debug_macro   0x000000000000acb4       0x43 ./Src/main.o
 .debug_macro   0x000000000000acf7       0x34 ./Src/main.o
 .debug_macro   0x000000000000ad2b       0x16 ./Src/main.o
 .debug_macro   0x000000000000ad41       0x43 ./Src/main.o
 .debug_macro   0x000000000000ad84       0x34 ./Src/main.o
 .debug_macro   0x000000000000adb8       0x10 ./Src/main.o
 .debug_macro   0x000000000000adc8       0x58 ./Src/main.o
 .debug_macro   0x000000000000ae20       0x8e ./Src/main.o
 .debug_macro   0x000000000000aeae       0x1c ./Src/main.o
 .debug_macro   0x000000000000aeca      0x177 ./Src/main.o
 .debug_macro   0x000000000000b041      0x369 ./Src/main.o
 .debug_macro   0x000000000000b3aa       0x10 ./Src/main.o
 .debug_macro   0x000000000000b3ba       0x35 ./Src/main.o
 .debug_macro   0x000000000000b3ef       0x20 ./Src/main.o
 .debug_macro   0x000000000000b40f      0x2f4 ./Src/main.o
 .debug_macro   0x000000000000b703      0x64a ./Src/main.o
 .debug_macro   0x000000000000bd4d       0x1c ./Src/main.o
 .debug_macro   0x000000000000bd69       0x10 ./Src/main.o
 .debug_macro   0x000000000000bd79       0x1c ./Src/main.o
 .debug_macro   0x000000000000bd95       0x16 ./Src/main.o
 .debug_macro   0x000000000000bdab      0x147 ./Src/main.o
 .debug_macro   0x000000000000bef2       0xff ./Src/sysmem.o
 .debug_macro   0x000000000000bff1      0x23c ./Src/sysmem.o
 .debug_macro   0x000000000000c22d       0xce D:\20231\TTKT-Lumi\SDK_1.0.3_NUCLEO-F401RE\lib_stm\libLibraries.a(system_stm32f4xx.o)
 .debug_macro   0x000000000000c2fb      0xa66 D:\20231\TTKT-Lumi\SDK_1.0.3_NUCLEO-F401RE\lib_stm\libLibraries.a(system_stm32f4xx.o)
 .debug_macro   0x000000000000cd61       0x22 D:\20231\TTKT-Lumi\SDK_1.0.3_NUCLEO-F401RE\lib_stm\libLibraries.a(system_stm32f4xx.o)
 .debug_macro   0x000000000000cd83       0x8e D:\20231\TTKT-Lumi\SDK_1.0.3_NUCLEO-F401RE\lib_stm\libLibraries.a(system_stm32f4xx.o)
 .debug_macro   0x000000000000ce11       0xef D:\20231\TTKT-Lumi\SDK_1.0.3_NUCLEO-F401RE\lib_stm\libLibraries.a(system_stm32f4xx.o)
 .debug_macro   0x000000000000cf00       0xc3 D:\20231\TTKT-Lumi\SDK_1.0.3_NUCLEO-F401RE\lib_stm\libLibraries.a(stm32f401re_gpio.o)
 .debug_macro   0x000000000000cfc3      0x2ee D:\20231\TTKT-Lumi\SDK_1.0.3_NUCLEO-F401RE\lib_stm\libLibraries.a(stm32f401re_gpio.o)
 .debug_macro   0x000000000000d2b1       0xd5 D:\20231\TTKT-Lumi\SDK_1.0.3_NUCLEO-F401RE\lib_stm\libLibraries.a(stm32f401re_i2c.o)
 .debug_macro   0x000000000000d386      0x18d D:\20231\TTKT-Lumi\SDK_1.0.3_NUCLEO-F401RE\lib_stm\libLibraries.a(stm32f401re_rcc.o)
 .debug_macro   0x000000000000d513      0x644 D:\20231\TTKT-Lumi\SDK_1.0.3_NUCLEO-F401RE\lib_stm\libLibraries.a(stm32f401re_rcc.o)
 .debug_macro   0x000000000000db57       0xe3 D:\20231\TTKT-Lumi\SDK_1.0.3_NUCLEO-F401RE\lib_stm\libLibraries.a(timer.o)
 .debug_macro   0x000000000000dc3a       0x1c D:\20231\TTKT-Lumi\SDK_1.0.3_NUCLEO-F401RE\lib_stm\libLibraries.a(timer.o)
 .debug_macro   0x000000000000dc56       0x16 D:\20231\TTKT-Lumi\SDK_1.0.3_NUCLEO-F401RE\lib_stm\libLibraries.a(timer.o)
 .debug_macro   0x000000000000dc6c       0xe3 D:\20231\TTKT-Lumi\SDK_1.0.3_NUCLEO-F401RE\lib_stm\libLibraries.a(temhumsensor.o)
 .debug_macro   0x000000000000dd4f       0x76 D:\20231\TTKT-Lumi\SDK_1.0.3_NUCLEO-F401RE\lib_stm\libLibraries.a(temhumsensor.o)
 .debug_macro   0x000000000000ddc5      0x170 D:\20231\TTKT-Lumi\SDK_1.0.3_NUCLEO-F401RE\lib_stm\libLibraries.a(temhumsensor.o)
 .debug_macro   0x000000000000df35      0x2ba D:\20231\TTKT-Lumi\SDK_1.0.3_NUCLEO-F401RE\lib_stm\libLibraries.a(temhumsensor.o)
 .debug_macro   0x000000000000e1ef      0x10a D:\20231\TTKT-Lumi\SDK_1.0.3_NUCLEO-F401RE\lib_stm\libLibraries.a(serial.o)
 .debug_macro   0x000000000000e2f9      0x16a D:\20231\TTKT-Lumi\SDK_1.0.3_NUCLEO-F401RE\lib_stm\libLibraries.a(serial.o)
 .debug_macro   0x000000000000e463       0x1c D:\20231\TTKT-Lumi\SDK_1.0.3_NUCLEO-F401RE\lib_stm\libLibraries.a(serial.o)
 .debug_macro   0x000000000000e47f       0x7c D:\20231\TTKT-Lumi\SDK_1.0.3_NUCLEO-F401RE\lib_stm\libLibraries.a(serial.o)
 .debug_macro   0x000000000000e4fb      0x223 D:\20231\TTKT-Lumi\SDK_1.0.3_NUCLEO-F401RE\lib_stm\libLibraries.a(serial.o)
 .debug_macro   0x000000000000e71e      0x141 D:\20231\TTKT-Lumi\SDK_1.0.3_NUCLEO-F401RE\lib_stm\libLibraries.a(Ucglib.o)
 .debug_macro   0x000000000000e85f      0x174 D:\20231\TTKT-Lumi\SDK_1.0.3_NUCLEO-F401RE\lib_stm\libLibraries.a(Ucglib.o)
 .debug_macro   0x000000000000e9d3       0x84 D:\20231\TTKT-Lumi\SDK_1.0.3_NUCLEO-F401RE\lib_stm\libLibraries.a(ucg_box.o)
 .debug_macro   0x000000000000ea57       0x84 D:\20231\TTKT-Lumi\SDK_1.0.3_NUCLEO-F401RE\lib_stm\libLibraries.a(ucg_ccs.o)
 .debug_macro   0x000000000000eadb       0x84 D:\20231\TTKT-Lumi\SDK_1.0.3_NUCLEO-F401RE\lib_stm\libLibraries.a(ucg_dev_default_cb.o)
 .debug_macro   0x000000000000eb5f       0x84 D:\20231\TTKT-Lumi\SDK_1.0.3_NUCLEO-F401RE\lib_stm\libLibraries.a(ucg_dev_ic_st7735.o)
 .debug_macro   0x000000000000ebe3       0x88 D:\20231\TTKT-Lumi\SDK_1.0.3_NUCLEO-F401RE\lib_stm\libLibraries.a(ucg_dev_msg_api.o)
 .debug_macro   0x000000000000ec6b       0x84 D:\20231\TTKT-Lumi\SDK_1.0.3_NUCLEO-F401RE\lib_stm\libLibraries.a(ucg_dev_tft_128x128_st7735.o)
 .debug_macro   0x000000000000ecef      0x15a D:\20231\TTKT-Lumi\SDK_1.0.3_NUCLEO-F401RE\lib_stm\libLibraries.a(ucg_font.o)
 .debug_macro   0x000000000000ee49       0x46 D:\20231\TTKT-Lumi\SDK_1.0.3_NUCLEO-F401RE\lib_stm\libLibraries.a(ucg_font.o)
 .debug_macro   0x000000000000ee8f       0x18 D:\20231\TTKT-Lumi\SDK_1.0.3_NUCLEO-F401RE\lib_stm\libLibraries.a(ucg_font.o)
 .debug_macro   0x000000000000eea7       0x3c D:\20231\TTKT-Lumi\SDK_1.0.3_NUCLEO-F401RE\lib_stm\libLibraries.a(ucg_font.o)
 .debug_macro   0x000000000000eee3       0x52 D:\20231\TTKT-Lumi\SDK_1.0.3_NUCLEO-F401RE\lib_stm\libLibraries.a(ucg_font.o)
 .debug_macro   0x000000000000ef35       0x1f D:\20231\TTKT-Lumi\SDK_1.0.3_NUCLEO-F401RE\lib_stm\libLibraries.a(ucg_font.o)
 .debug_macro   0x000000000000ef54       0x43 D:\20231\TTKT-Lumi\SDK_1.0.3_NUCLEO-F401RE\lib_stm\libLibraries.a(ucg_font.o)
 .debug_macro   0x000000000000ef97       0x20 D:\20231\TTKT-Lumi\SDK_1.0.3_NUCLEO-F401RE\lib_stm\libLibraries.a(ucg_font.o)
 .debug_macro   0x000000000000efb7      0x1a3 D:\20231\TTKT-Lumi\SDK_1.0.3_NUCLEO-F401RE\lib_stm\libLibraries.a(ucg_font.o)
 .debug_macro   0x000000000000f15a      0x330 D:\20231\TTKT-Lumi\SDK_1.0.3_NUCLEO-F401RE\lib_stm\libLibraries.a(ucg_font.o)
 .debug_macro   0x000000000000f48a       0x35 D:\20231\TTKT-Lumi\SDK_1.0.3_NUCLEO-F401RE\lib_stm\libLibraries.a(ucg_font.o)
 .debug_macro   0x000000000000f4bf      0x145 D:\20231\TTKT-Lumi\SDK_1.0.3_NUCLEO-F401RE\lib_stm\libLibraries.a(ucg_init.o)
 .debug_macro   0x000000000000f604       0x84 D:\20231\TTKT-Lumi\SDK_1.0.3_NUCLEO-F401RE\lib_stm\libLibraries.a(ucg_line.o)
 .debug_macro   0x000000000000f688       0x84 D:\20231\TTKT-Lumi\SDK_1.0.3_NUCLEO-F401RE\lib_stm\libLibraries.a(ucg_pixel.o)